Component: ARM Compiler 5.06 update 4 (build 422) Tool: armlink [4d35d2]

==============================================================================

Image Symbol Table

    Local Symbols

    Symbol Name                              Value     Ov Type        Size  Object(Section)

    ../../../../hal/chip/lcd/dphy_drv.c      0x00000000   Number         0  dphy_drv.o ABSOLUTE
    ../../../../hal/chip/lcd/dsi_drv.c       0x00000000   Number         0  dsi_drv.o ABSOLUTE
    ../../../../hal/chip/lcd/lcd_drv.c       0x00000000   Number         0  lcd_drv.o ABSOLUTE
    ../../../../hal/chip/lcd/lcd_fns.c       0x00000000   Number         0  lcd_fns.o ABSOLUTE
    ../../../../hal/chip/lcd/lcd_hal.c       0x00000000   Number         0  lcd_hal.o ABSOLUTE
    ../../../../hal/chip/lcd/lcd_sys_api.c   0x00000000   Number         0  lcd_sys_api.o ABSOLUTE
    ../../../../hal/chip/lcd/lcdd_logo_asr.c 0x00000000   Number         0  lcdd_logo_asr.o ABSOLUTE
    ../../../../hal/chip/lcd/mcu_drv.c       0x00000000   Number         0  mcu_drv.o ABSOLUTE
    ../../../../hal/chip/lcd/panel_drv.c     0x00000000   Number         0  panel_drv.o ABSOLUTE
    ../../../../hal/chip/lcd/spi_drv.c       0x00000000   Number         0  spi_drv.o ABSOLUTE
    ../../../../hal/device/lcd/backlight_drv.c 0x00000000   Number         0  backlight_drv.o ABSOLUTE
    ../../../../hal/device/lcd/lcd_mcu_common.c 0x00000000   Number         0  lcd_mcu_common.o ABSOLUTE
    ../../../../hal/device/lcd/lcd_mipi_common.c 0x00000000   Number         0  lcd_mipi_common.o ABSOLUTE
    ../../../../hal/device/lcd/lcd_spi_common.c 0x00000000   Number         0  lcd_spi_common.o ABSOLUTE
    ../../../../hal/device/lcd/lcd_st7789v_spi.c 0x00000000   Number         0  lcd_st7789v_spi.o ABSOLUTE
    ../../../../hal/device/lcd/panel_list.c  0x00000000   Number         0  panel_list.o ABSOLUTE
    ../../common/src/FreqChange.c            0x00000000   Number         0  FreqChange.o ABSOLUTE
    ../../common/src/LzmaDec.c               0x00000000   Number         0  LzmaDec.o ABSOLUTE
    ../../common/src/asr_lzma.c              0x00000000   Number         0  asr_lzma.o ABSOLUTE
    ../../common/src/asr_nor_flash.c         0x00000000   Number         0  asr_nor_flash.o ABSOLUTE
    ../../common/src/asr_property.c          0x00000000   Number         0  asr_property.o ABSOLUTE
    ../../common/src/bsp_tavor.c             0x00000000   Number         0  bsp_tavor.o ABSOLUTE
    ../../common/src/guilin.c                0x00000000   Number         0  guilin.o ABSOLUTE
    ../../common/src/guilin_lite.c           0x00000000   Number         0  guilin_lite.o ABSOLUTE
    ../../common/src/lcd_test.c              0x00000000   Number         0  lcd_test.o ABSOLUTE
    ../../common/src/lcd_var.c               0x00000000   Number         0  lcd_var.o ABSOLUTE
    ../../common/src/logo_table.c            0x00000000   Number         0  logo_table.o ABSOLUTE
    ../../common/src/ningbo.c                0x00000000   Number         0  ningbo.o ABSOLUTE
    ../../common/src/pmic.c                  0x00000000   Number         0  pmic.o ABSOLUTE
    ../../common/src/spi_nor.c               0x00000000   Number         0  spi_nor.o ABSOLUTE
    ../../common/src/ssp_host.c              0x00000000   Number         0  ssp_host.o ABSOLUTE
    ../../common/src/system.c                0x00000000   Number         0  system.o ABSOLUTE
    ../../common/src/tinyalloc.c             0x00000000   Number         0  tinyalloc.o ABSOLUTE
    ../../common/src/updater_table.c         0x00000000   Number         0  updater_table.o ABSOLUTE
    ../../common/src/utilities.c             0x00000000   Number         0  utilities.o ABSOLUTE
    ../clib/angel/rt.s                       0x00000000   Number         0  aeabi_idiv0_sigfpe.o ABSOLUTE
    ../clib/angel/rt.s                       0x00000000   Number         0  rt_raise.o ABSOLUTE
    ../clib/angel/rt.s                       0x00000000   Number         0  rt_div0.o ABSOLUTE
    ../clib/angel/rt.s                       0x00000000   Number         0  aeabi_idiv0.o ABSOLUTE
    ../clib/angel/rt.s                       0x00000000   Number         0  rt_ctype_table.o ABSOLUTE
    ../clib/angel/rt.s                       0x00000000   Number         0  rt_locale.o ABSOLUTE
    ../clib/angel/rt.s                       0x00000000   Number         0  rt_locale_intlibspace.o ABSOLUTE
    ../clib/angel/sys.s                      0x00000000   Number         0  indicate_semi.o ABSOLUTE
    ../clib/angel/sys.s                      0x00000000   Number         0  libspace.o ABSOLUTE
    ../clib/angel/sys.s                      0x00000000   Number         0  use_no_semi.o ABSOLUTE
    ../clib/angel/sysapp.c                   0x00000000   Number         0  sys_exit.o ABSOLUTE
    ../clib/angel/sysapp.c                   0x00000000   Number         0  sys_command.o ABSOLUTE
    ../clib/angel/sysapp.c                   0x00000000   Number         0  sys_wrch.o ABSOLUTE
[...]
    0x7e402a20   0x00000018   Code   RO         1500    i.AIB_Secure_Write  sdcard.o
    0x7e402a38   0x0000004c   Code   RO         5773    i.ASRLCDD_GetUIInfo  lcdd_logo_asr.o
    0x7e402a84   0x00000184   Code   RO         5774    i.ASRLCDD_Logo_Blit16_sync  lcdd_logo_asr.o
    0x7e402c08   0x00000034   Code   RO         5776    i.ASRLCDD_Logo_Close  lcdd_logo_asr.o
    0x7e402c3c   0x00000170   Code   RO         5779    i.ASRLCDD_Logo_Open  lcdd_logo_asr.o
    0x7e402dac   0x00000100   Code   RO         5783    i.ASRLCDD_Logo_Wakeup  lcdd_logo_asr.o
    0x7e402eac   0x0000001c   Code   RO         5784    i.ASRLCDD_SetBrightness  lcdd_logo_asr.o
    0x7e402ec8   0x000002a0   Code   RO         1357    i.AUDPSProcedure    adups_bl_main.o
    0x7e403168   0x00000004   Code   RO         1222    i.AdupsGetFlashDiskSize  adups_bl_flash.o
    0x7e40316c   0x00000004   Code   RO         1223    i.AdupsUseFlash     adups_bl_flash.o
    0x7e403170   0x00000018   Code   RO         2814    i.CacheCleanMemory  system.o
    0x7e403188   0x00000038   Code   RO         2816    i.CacheInvalidateMemory  system.o
    0x7e4031c0   0x00000028   Code   RO         1358    i.ClearFotaMagic    adups_bl_main.o
    0x7e4031e8   0x000000a4   Code   RO         6773    i.Compress25        abup_wosun.lib(disassem_arm.o)
    0x7e40328c   0x00000006   Code   RO         4162    i.CpCoreFreqChangeTo416  FreqChange.o
    0x7e403292   0x00000006   Code   RO         4163    i.CpCoreFreqChangeTo624  FreqChange.o
    0x7e403298   0x00000038   Code   RO          717    i.Crc_Check_16      loadtable.o
    0x7e4032d0   0x00000078   Code   RO         6774    i.Decompress        abup_wosun.lib(disassem_arm.o)
    0x7e403348   0x00000034   Code   RO         1501    i.GetBaseAddr       sdcard.o
    0x7e40337c   0x00000034   Code   RO         5638    i.GetBaseAddr       lcd_sys_api.o
    0x7e4033b0   0x0000001c   Code   RO         3959    i.GetChipID         bsp_tavor.o
    0x7e4033cc   0x00000048   Code   RO         4841    i.GetCompressedType  asr_lzma.o
    0x7e403414   0x0000001c   Code   RO         3960    i.GetLongChipID     bsp_tavor.o
    0x7e403430   0x00000028   Code   RO         2902    i.GetPMICID         pmic.o
    0x7e403458   0x0000000c   Code   RO         2790    i.Get_LanguageType  lcd_var.o
    0x7e403464   0x00000004   Code   RO         1502    i.GpioSetLevel      sdcard.o
    0x7e403468   0x0000004c   Code   RO         3689    i.Guilin2_LDO_Set_Enable  guilin.o
    0x7e4034b4   0x00000060   Code   RO         3690    i.Guilin2_LDO_Set_VOUT  guilin.o
    0x7e403514   0x00000084   Code   RO         3691    i.GuilinClkInit     guilin.o
    0x7e403598   0x00000026   Code   RO         4501    i.GuilinLiteRead    guilin_lite.o
    0x7e4035be   0x00000022   Code   RO         4502    i.GuilinLiteWrite   guilin_lite.o
    0x7e4035e0   0x00000054   Code   RO         4503    i.GuilinLite_LDO_Set_Enable  guilin_lite.o
    0x7e403634   0x00000070   Code   RO         4505    i.GuilinLite_LDO_Set_VOUT  guilin_lite.o
    0x7e4036a4   0x00000008   Code   RO         4509    i.GuilinLite_Ldo_6_set  guilin_lite.o
    0x7e4036ac   0x00000008   Code   RO         4510    i.GuilinLite_Ldo_6_set_2_8  guilin_lite.o
    0x7e4036b4   0x00000008   Code   RO         4511    i.GuilinLite_Ldo_7_set  guilin_lite.o
    0x7e4036bc   0x00000008   Code   RO         4512    i.GuilinLite_Ldo_7_set_2_8  guilin_lite.o
    0x7e4036c4   0x00000032   Code   RO         3692    i.GuilinRead        guilin.o
    0x7e4036f6   0x00000030   Code   RO         3693    i.GuilinWrite       guilin.o
    0x7e403726   0x0000001e   Code   RO         3694    i.Guilin_Aditional_Workaround  guilin.o
    0x7e403744   0x0000004c   Code   RO         3696    i.Guilin_LDO_Set_Enable  guilin.o
    0x7e403790   0x0000007a   Code   RO         3698    i.Guilin_LDO_Set_VOUT  guilin.o
    0x7e40380a   0x00000022   Code   RO         3707    i.Guilin_Ldo_6_set  guilin.o
    0x7e40382c   0x00000020   Code   RO         3708    i.Guilin_Ldo_6_set_1_8  guilin.o
    0x7e40384c   0x00000020   Code   RO         3709    i.Guilin_Ldo_6_set_2_8  guilin.o
    0x7e40386c   0x00000034   Code   RO         3712    i.Guilin_VBUCK1_CFG  guilin.o
    0x7e4038a0   0x00000028   Code   RO         3714    i.Guilin_VBUCK4_Set_FPWM  guilin.o
    0x7e4038c8   0x00000084   Code   RO         3718    i.Guilin_VBUCK_Set_VOUT  guilin.o
    0x7e40394c   0x00000004   Code   RO         2904    i.I2CReceive        pmic.o
    0x7e403950   0x00000004   Code   RO         2906    i.I2CSend           pmic.o
    0x7e403954   0x00000016   Code   RO         3961    i.IsChipCrane       bsp_tavor.o
    0x7e40396a   0x00000016   Code   RO         3966    i.IsChipCraneG_Z1   bsp_tavor.o
    0x7e403980   0x00000016   Code   RO         3968    i.IsChipCraneM      bsp_tavor.o
    0x7e403996   0x00000002   PAD
    0x7e403998   0x00000018   Code   RO         4753    i.IsLogoAppendDspAdc  logo_table.o
    0x7e4039b0   0x00000014   Code   RO         4754    i.IsLogoSupportQueryExtImgInfo  logo_table.o
    0x7e4039c4   0x00000114   Code   RO         6348    i.IsPatched_pre_check_oldbin  abup_wosun.lib(patch.o)
    0x7e403ad8   0x00000018   Code   RO         4631    i.IsUpdaterAppendDspAdc  updater_table.o
    0x7e403af0   0x00000014   Code   RO         4633    i.IsUpdaterSupportQueryExtImgInfo  updater_table.o
    0x7e403b04   0x00000018   Code   RO         4634    i.IsUpdaterSupportQueryFotaInfo  updater_table.o
    0x7e403b1c   0x0000001c   Code   RO          718    i.IsUpdaterbakExist  loadtable.o
    0x7e403b38   0x00000048   Code   RO         5639    i.LCD_Pinmuxcfg     lcd_sys_api.o
    0x7e403b80   0x00000004   Code   RO         2206    i.LcdDisplayCleanMemoryCache  lcd_test.o
    0x7e403b84   0x00000002   Code   RO         5640    i.Lcd_CacheCleanMemory  lcd_sys_api.o
    0x7e403b86   0x0000002c   Code   RO         4868    i.LzmaDec_AllocateProbs  LzmaDec.o
    0x7e403bb2   0x0000003e   Code   RO         4869    i.LzmaDec_AllocateProbs2  LzmaDec.o
    0x7e403bf0   0x0000092e   Code   RO         4870    i.LzmaDec_DecodeReal  LzmaDec.o
    0x7e40451e   0x00000062   Code   RO         4871    i.LzmaDec_DecodeReal2  LzmaDec.o
    0x7e404580   0x000001f8   Code   RO         4873    i.LzmaDec_DecodeToDic  LzmaDec.o
    0x7e404778   0x00000014   Code   RO         4876    i.LzmaDec_FreeProbs  LzmaDec.o
    0x7e40478c   0x0000000c   Code   RO         4877    i.LzmaDec_Init      LzmaDec.o
    0x7e404798   0x0000001c   Code   RO         4878    i.LzmaDec_InitDicAndState  LzmaDec.o
    0x7e4047b4   0x000003fa   Code   RO         4879    i.LzmaDec_TryDummy  LzmaDec.o
    0x7e404bae   0x0000005c   Code   RO         4880    i.LzmaDec_WriteRem  LzmaDec.o
    0x7e404c0a   0x00000078   Code   RO         4881    i.LzmaDecode        LzmaDec.o
    0x7e404c82   0x00000052   Code   RO         4882    i.LzmaProps_Decode  LzmaDec.o
    0x7e404cd4   0x00000050   Code   RO         4883    i.LzmaUncompress    LzmaDec.o
    0x7e404d24   0x000000ac   Code   RO         1819    i.MMC_disk_read     diskio.o
    0x7e404dd0   0x0000009c   Code   RO         1820    i.MMC_disk_write    diskio.o
    0x7e404e6c   0x000000b8   Code   RO         4348    i.MRDAdcCntGet_boot  utilities.o
    0x7e404f24   0x00000084   Code   RO         4349    i.MRDAdcFlagGet_boot  utilities.o
    0x7e404fa8   0x00000174   Code   RO         4350    i.MRDAdcValueGet_boot  utilities.o
    0x7e40511c   0x00000120   Code   RO         2907    i.MastI2CReceive    pmic.o
    0x7e40523c   0x000000d0   Code   RO         2908    i.MastI2CSend       pmic.o
    0x7e40530c   0x00000046   Code   RO         4351    i.MrdBubbleSort     utilities.o
    0x7e405352   0x0000000a   Code   RO         4884    i.MyAlloc           LzmaDec.o
    0x7e40535c   0x00000110   Code   RO         3307    i.NingboClkInit     ningbo.o
    0x7e40546c   0x00000050   Code   RO         3309    i.NingboLcdBackLightCtrl  ningbo.o
    0x7e4054bc   0x00000032   Code   RO         3310    i.NingboRead        ningbo.o
    0x7e4054ee   0x00000030   Code   RO         3313    i.NingboWrite       ningbo.o
    0x7e40551e   0x0000003c   Code   RO         3314    i.Ningbo_Aditional_Workaround  ningbo.o
    0x7e40555a   0x00000044   Code   RO         3318    i.Ningbo_Get_Meas_Factor  ningbo.o
    0x7e40559e   0x00000068   Code   RO         3319    i.Ningbo_LDO_Set_Enable  ningbo.o
    0x7e405606   0x000000b2   Code   RO         3321    i.Ningbo_LDO_Set_VOUT  ningbo.o
    0x7e4056b8   0x00000008   Code   RO         3331    i.Ningbo_Ldo_1_set  ningbo.o
    0x7e4056c0   0x00000008   Code   RO         3332    i.Ningbo_Ldo_1_set_2_8  ningbo.o
    0x7e4056c8   0x00000008   Code   RO         3336    i.Ningbo_Ldo_4_set  ningbo.o
    0x7e4056d0   0x00000008   Code   RO         3338    i.Ningbo_Ldo_4_set_2_8  ningbo.o
    0x7e4056d8   0x00000008   Code   RO         3343    i.Ningbo_Ldo_9_set  ningbo.o
    0x7e4056e0   0x00000008   Code   RO         3344    i.Ningbo_Ldo_9_set_1_8  ningbo.o
    0x7e4056e8   0x00000008   Code   RO         3345    i.Ningbo_Ldo_9_set_2_8  ningbo.o
    0x7e4056f0   0x00000050   Code   RO         3348    i.Ningbo_MEAS_ENABLE  ningbo.o
    0x7e405740   0x00000034   Code   RO         3350    i.Ningbo_VBUCK1_CFG  ningbo.o
    0x7e405774   0x00000058   Code   RO         3355    i.Ningbo_VBUCK_Set_VOUT  ningbo.o
    0x7e4057cc   0x00000002   Code   RO         2207    i.OTA_Clear_LCD     lcd_test.o
    0x7e4057ce   0x00000002   PAD
    0x7e4057d0   0x000000d0   Code   RO         2208    i.OTA_LCD_DisplayText  lcd_test.o
    0x7e4058a0   0x00000004   Code   RO         2210    i.OTA_LCD_ShowProcess  lcd_test.o
    0x7e4058a4   0x0000007c   Code   RO         2909    i.PI2C_READ_REG     pmic.o
    0x7e405920   0x00000088   Code   RO         2910    i.PI2C_WRITE_REG    pmic.o
    0x7e4059a8   0x00000014   Code   RO         4352    i.PM803_CHARGER_INIT  utilities.o
    0x7e4059bc   0x00000004   Code   RO         4353    i.PM803_CHARGER_IS_DETECTED  utilities.o
    0x7e4059c0   0x00000004   Code   RO         2911    i.PM812_CHARGER_IS_DETECTED  pmic.o
    0x7e4059c4   0x0000006c   Code   RO         2912    i.PM812_EXTON_IS_DETECTED  pmic.o
    0x7e405a30   0x0000002a   Code   RO         2913    i.PM812_FAULT_WU_EN_DISABLE  pmic.o
    0x7e405a5a   0x00000002   PAD
    0x7e405a5c   0x000000b8   Code   RO         2914    i.PM812_LDO_Enable  pmic.o
    0x7e405b14   0x00000070   Code   RO         2915    i.PM812_LDO_VOUT_CFG  pmic.o
    0x7e405b84   0x00000008   Code   RO         2922    i.PM812_Ldo_8_set   pmic.o
    0x7e405b8c   0x0000000a   Code   RO         2923    i.PM812_Ldo_8_set_2_8  pmic.o
    0x7e405b96   0x00000002   PAD
    0x7e405b98   0x00000030   Code   RO         2924    i.PM812_VBUCK1_CFG  pmic.o
    0x7e405bc8   0x00000034   Code   RO         3358    i.PM813_BATTERY_GET_VBAT_MEAS_VOL_MV  ningbo.o
    0x7e405bfc   0x00000016   Code   RO         3359    i.PM813_GPADC_NONSTOP_TRIG_DISABLE  ningbo.o
    0x7e405c12   0x00000016   Code   RO         3360    i.PM813_GPADC_NONSTOP_TRIG_ENABLE  ningbo.o
    0x7e405c28   0x00000018   Code   RO         3361    i.PM813_GPADC_READ_VOL_MEAS  ningbo.o
    0x7e405c40   0x00000022   Code   RO         3362    i.PMIC_CHARGER_IS_DETECTED  ningbo.o
    0x7e405c62   0x00000002   PAD
    0x7e405c64   0x00000044   Code   RO         2926    i.PMIC_FAULT_WU_ENABLE  pmic.o
    0x7e405ca8   0x00000044   Code   RO         2927    i.PMIC_FAULT_WU_EN_ENABLE  pmic.o
    0x7e405cec   0x0000001c   Code   RO         2928    i.PMIC_ID_GET       pmic.o
    0x7e405d08   0x00000014   Code   RO         2929    i.PMIC_IS_PM802     pmic.o
    0x7e405d1c   0x0000000e   Code   RO         2930    i.PMIC_IS_PM802S    pmic.o
    0x7e405d2a   0x00000012   Code   RO         2931    i.PMIC_IS_PM803     pmic.o
    0x7e405d3c   0x00000014   Code   RO         2932    i.PMIC_IS_PM812     pmic.o
    0x7e405d50   0x00000018   Code   RO         2933    i.PMIC_IS_PM813     pmic.o
    0x7e405d68   0x00000014   Code   RO         2934    i.PMIC_IS_PM813S    pmic.o
    0x7e405d7c   0x00000044   Code   RO         2936    i.PMIC_Init         pmic.o
    0x7e405dc0   0x0000003c   Code   RO         2937    i.PMIC_PowerDown    pmic.o
    0x7e405dfc   0x00000008   Code   RO         2939    i.PMIC_READ_REG_BASE  pmic.o
    0x7e405e04   0x00000008   Code   RO         2940    i.PMIC_READ_REG_GPADC  pmic.o
    0x7e405e0c   0x00000090   Code   RO         2942    i.PMIC_SW_RESET     pmic.o
    0x7e405e9c   0x0000006c   Code   RO         1504    i.PMIC_Set_SDIO_1_8V  sdcard.o
    0x7e405f08   0x0000000a   Code   RO         2944    i.PMIC_WRITE_REG_BASE  pmic.o
    0x7e405f12   0x0000000a   Code   RO         2945    i.PMIC_WRITE_REG_GPADC  pmic.o
    0x7e405f1c   0x0000000a   Code   RO         2946    i.PMIC_WRITE_REG_POWER  pmic.o
    0x7e405f26   0x00000010   Code   RO         1505    i.PlatformSDCardEnable  sdcard.o
    0x7e405f36   0x00000042   Code   RO         2947    i.PlatformVcoreConfigHigh  pmic.o
    0x7e405f78   0x00000042   Code   RO         2948    i.PlatformVcoreConfigLow  pmic.o
    0x7e405fba   0x00000042   Code   RO         2949    i.PlatformVcoreConfigTop  pmic.o
    0x7e405ffc   0x00000004   Code   RO         5643    i.PmicLcdBackLightCtrl  lcd_sys_api.o
    0x7e406000   0x0000000a   Code   RO         5644    i.Pmic_is_pm802     lcd_sys_api.o
    0x7e40600a   0x0000000a   Code   RO         5645    i.Pmic_is_pm803     lcd_sys_api.o
    0x7e406014   0x0000000a   Code   RO         5646    i.Pmic_is_pm812     lcd_sys_api.o
    0x7e40601e   0x0000000a   Code   RO         5647    i.Pmic_is_pm813     lcd_sys_api.o
    0x7e406028   0x0000000a   Code   RO         5648    i.Pmic_is_pm813s    lcd_sys_api.o
    0x7e406032   0x00000042   Code   RO         6349    i.ReadOneUnsigned32  abup_wosun.lib(patch.o)
    0x7e406074   0x0000003a   Code   RO         6350    i.ReadUnsigned32    abup_wosun.lib(patch.o)
    0x7e4060ae   0x0000001a   Code   RO         6351    i.ReadUnsigned32Cnt  abup_wosun.lib(patch.o)
    0x7e4060c8   0x00000066   Code   RO         6352    i.ReadUnsigned32HalfByte  abup_wosun.lib(patch.o)
    0x7e40612e   0x00000002   PAD
    0x7e406130   0x00000118   Code   RO         1506    i.SD_Decode_CSD     sdcard.o
    0x7e406248   0x0000004c   Code   RO         1507    i.SD_GetResponse136  sdcard.o
    0x7e406294   0x00000080   Code   RO         1508    i.SdCard_Check_TransStatus  sdcard.o
    0x7e406314   0x000000f8   Code   RO         1509    i.SdCard_Cmd_Nodata  sdcard.o
    0x7e40640c   0x00000050   Code   RO         1510    i.SdCard_Enable_Clock  sdcard.o
    0x7e40645c   0x00000028   Code   RO         1511    i.SdCard_MsWait     sdcard.o
    0x7e406484   0x0000010c   Code   RO         1512    i.SdCard_Read_NoDMA  sdcard.o
    0x7e406590   0x00000032   Code   RO         1513    i.SdCard_SW_Reset   sdcard.o
    0x7e4065c2   0x00000002   PAD
    0x7e4065c4   0x00000098   Code   RO         1514    i.SdCard_Switch_Function  sdcard.o
    0x7e40665c   0x0000000c   Code   RO         1515    i.SdCard_Wait       sdcard.o
    0x7e406668   0x0000003e   Code   RO         2211    i.SetChinesePixels  lcd_test.o
    0x7e4066a6   0x00000002   PAD
    0x7e4066a8   0x000003e8   Code   RO         2212    i.SetPixels_DisplayChinese  lcd_test.o
    0x7e406a90   0x00000006   Code   RO         4886    i.SzAlloc           LzmaDec.o
    0x7e406a96   0x00000006   Code   RO         4887    i.SzFree            LzmaDec.o
    0x7e406a9c   0x0000015e   Code   RO         6193    i.TTank_Compact     abup_wosun.lib(peer_vm.o)
    0x7e406bfa   0x0000026e   Code   RO         6194    i.TTank_alloc_block  abup_wosun.lib(peer_vm.o)
    0x7e406e68   0x0000001a   Code   RO         6195    i.TTank_block_set_mptr  abup_wosun.lib(peer_vm.o)
    0x7e406e82   0x000000b6   Code   RO         6196    i.TTank_compact_block  abup_wosun.lib(peer_vm.o)
    0x7e406f38   0x00000026   Code   RO         6197    i.TTank_fini_heap   abup_wosun.lib(peer_vm.o)
    0x7e406f5e   0x000001b8   Code   RO         6198    i.TTank_free_block  abup_wosun.lib(peer_vm.o)
    0x7e407116   0x000000c4   Code   RO         6199    i.TTank_init_heap   abup_wosun.lib(peer_vm.o)
    0x7e4071da   0x00000002   PAD
    0x7e4071dc   0x0000006c   Code   RO         6200    i.TTank_init_mptr   abup_wosun.lib(peer_vm.o)
    0x7e407248   0x00000048   Code   RO         6201    i.TTank_lock_block  abup_wosun.lib(peer_vm.o)
    0x7e407290   0x000000a2   Code   RO         6202    i.TTank_movelo_block  abup_wosun.lib(peer_vm.o)
    0x7e407332   0x0000015e   Code   RO         6203    i.TTank_realloc_block  abup_wosun.lib(peer_vm.o)
    0x7e407490   0x000000fc   Code   RO         6204    i.TTank_restore_block  abup_wosun.lib(peer_vm.o)
    0x7e40758c   0x00000030   Code   RO         6205    i.Tank_CompactAllTanks  abup_wosun.lib(peer_vm.o)
    0x7e4075bc   0x000000b4   Code   RO         6206    i.Tank_CreateByArea  abup_wosun.lib(peer_vm.o)
    0x7e407670   0x0000007c   Code   RO         6207    i.Tank_Destroy      abup_wosun.lib(peer_vm.o)
    0x7e4076ec   0x00000038   Code   RO         6208    i.Tank_DetachAllDetachableSubTanks  abup_wosun.lib(peer_vm.o)
    0x7e407724   0x00000148   Code   RO         6209    i.Tank_InterTankCompact  abup_wosun.lib(peer_vm.o)
    0x7e40786c   0x00000020   Code   RO         6210    i.Tank_MemoryToTank  abup_wosun.lib(peer_vm.o)
    0x7e40788c   0x00000038   Code   RO         6211    i.Tank_alloc_mptrblk  abup_wosun.lib(peer_vm.o)
    0x7e4078c4   0x00000008   Code   RO         2950    i.USTICAI2CReadDi_AUDIO  pmic.o
    0x7e4078cc   0x00000008   Code   RO         2951    i.USTICAI2CReadDi_GPADC  pmic.o
    0x7e4078d4   0x00000008   Code   RO         2952    i.USTICAI2CReadDi_TEST  pmic.o
    0x7e4078dc   0x00000008   Code   RO         2953    i.USTICAI2CReadDi_base  pmic.o
    0x7e4078e4   0x00000008   Code   RO         2954    i.USTICAI2CReadDi_power  pmic.o
    0x7e4078ec   0x0000000a   Code   RO         2955    i.USTICAI2CWriteDi_AUDIO  pmic.o
    0x7e4078f6   0x0000000a   Code   RO         2956    i.USTICAI2CWriteDi_GPADC  pmic.o
    0x7e407900   0x0000000a   Code   RO         2957    i.USTICAI2CWriteDi_TEST  pmic.o
    0x7e40790a   0x0000000a   Code   RO         2958    i.USTICAI2CWriteDi_base  pmic.o
    0x7e407914   0x0000000a   Code   RO         2959    i.USTICAI2CWriteDi_power  pmic.o
    0x7e40791e   0x00000002   PAD
    0x7e407920   0x00000024   Code   RO         2960    i.Updater_Reset     pmic.o
    0x7e407944   0x0000002a   Code   RO         6354    i.WriteUnsigned32   abup_wosun.lib(patch.o)
    0x7e40796e   0x00000058   Code   RO         6355    i.WriteUnsigned32HalfByte  abup_wosun.lib(patch.o)
    0x7e4079c6   0x00000028   Code   RO         8148    i.__ARM_fpclassify  m_2s.l(fpclassify.o)
    0x7e4079ee   0x00000002   PAD
    0x7e4079f0   0x00000230   Code   RO          396    i.__qspi_start_cmd  qspi_host.o
    0x7e407c20   0x0000000e   Code   RO         7956    i._is_digit         c_2.l(__printf_wp.o)
    0x7e407c2e   0x00000002   PAD
    0x7e407c30   0x000001d8   Code   RO         1360    i.abup_check_package  adups_bl_main.o
    0x7e407e08   0x0000001e   Code   RO         7066    i.ad_lzma_alloc     abup_wosun.lib(common.o)
    0x7e407e26   0x00000002   PAD
    0x7e407e28   0x000000e4   Code   RO         7273    i.ad_lzma_block_decoder_init  abup_wosun.lib(block_decoder.o)
    0x7e407f0c   0x00000036   Code   RO         7067    i.ad_lzma_bufcpy    abup_wosun.lib(common.o)
    0x7e407f42   0x00000178   Code   RO         7068    i.ad_lzma_code      abup_wosun.lib(common.o)
    0x7e4080ba   0x00000020   Code   RO         7069    i.ad_lzma_end       abup_wosun.lib(common.o)
    0x7e4080da   0x00000012   Code   RO         7070    i.ad_lzma_free      abup_wosun.lib(common.o)
    0x7e4080ec   0x00000026   Code   RO         7071    i.ad_lzma_next_end  abup_wosun.lib(common.o)
    0x7e408112   0x00000048   Code   RO         7072    i.ad_lzma_next_filter_init  abup_wosun.lib(common.o)
    0x7e40815a   0x00000044   Code   RO         7207    i.ad_lzma_stream_decoder  abup_wosun.lib(stream_decoder.o)
    0x7e40819e   0x00000002   PAD
    0x7e4081a0   0x000000dc   Code   RO         7208    i.ad_lzma_stream_decoder_init  abup_wosun.lib(stream_decoder.o)
    0x7e40827c   0x00000054   Code   RO         7074    i.ad_lzma_strm_init  abup_wosun.lib(common.o)
    0x7e4082d0   0x0000001a   Code   RO         7075    i.ad_set_lzma_coder_init  abup_wosun.lib(common.o)
    0x7e4082ea   0x00000038   Code   RO         6120    i.adups_IsPackgeFound  abup_wosun.lib(fotapatch.o)
    0x7e408322   0x00000002   PAD
    0x7e408324   0x00000058   Code   RO         1463    i.adups_MD5Encode   adups_md5.o
    0x7e40837c   0x000000e2   Code   RO         1464    i.adups_MD5_Final   adups_md5.o
    0x7e40845e   0x00000002   PAD
    0x7e408460   0x00000024   Code   RO         1465    i.adups_MD5_Init    adups_md5.o
    0x7e408484   0x0000007a   Code   RO         1466    i.adups_MD5_Update  adups_md5.o
    0x7e4084fe   0x00000002   PAD
    0x7e408500   0x00000034   Code   RO         1361    i.adups_bl_debug_print  adups_bl_main.o
    0x7e408534   0x00000088   Code   RO         1224    i.adups_bl_erase_backup_region  adups_bl_flash.o
    0x7e4085bc   0x00000090   Code   RO         1226    i.adups_bl_erase_delata  adups_bl_flash.o
    0x7e40864c   0x00000064   Code   RO         1227    i.adups_bl_flash_backup_base  adups_bl_flash.o
    0x7e4086b0   0x00000006   Code   RO         1228    i.adups_bl_flash_block_size  adups_bl_flash.o
    0x7e4086b6   0x00000002   PAD
    0x7e4086b8   0x0000005c   Code   RO         1229    i.adups_bl_flash_delta_base  adups_bl_flash.o
    0x7e408714   0x00000048   Code   RO         1230    i.adups_bl_flash_delta_size  adups_bl_flash.o
    0x7e40875c   0x0000000c   Code   RO         1362    i.adups_bl_get_app_base  adups_bl_main.o
    0x7e408768   0x0000000c   Code   RO         1364    i.adups_bl_get_delta_base  adups_bl_main.o
    0x7e408774   0x00000040   Code   RO         1366    i.adups_bl_get_working_buffer  adups_bl_main.o
    0x7e4087b4   0x00000054   Code   RO         1367    i.adups_bl_get_working_buffer_len  adups_bl_main.o
    0x7e408808   0x00000080   Code   RO         1231    i.adups_bl_read_backup_region  adups_bl_flash.o
    0x7e408888   0x00000010   Code   RO         1232    i.adups_bl_read_block  adups_bl_flash.o
    0x7e408898   0x00000048   Code   RO         1233    i.adups_bl_read_flash  adups_bl_flash.o
    0x7e4088e0   0x00000098   Code   RO         1234    i.adups_bl_write_backup_region  adups_bl_flash.o
    0x7e408978   0x00000034   Code   RO         1235    i.adups_bl_write_block  adups_bl_flash.o
    0x7e4089ac   0x00000068   Code   RO         6121    i.adups_get_package_info  abup_wosun.lib(fotapatch.o)
    0x7e408a14   0x00000018   Code   RO         6122    i.adups_get_package_number  abup_wosun.lib(fotapatch.o)
    0x7e408a2c   0x00000040   Code   RO         6123    i.adups_get_patchsize  abup_wosun.lib(fotapatch.o)
    0x7e408a6c   0x00000004   Code   RO         1368    i.adups_get_pre_check_flag  adups_bl_main.o
    0x7e408a70   0x00000004   Code   RO         1369    i.adups_get_pre_patch_flag  adups_bl_main.o
    0x7e408a74   0x00000004   Code   RO         6124    i.adups_init_mem_pool  abup_wosun.lib(fotapatch.o)
    0x7e408a78   0x00000048   Code   RO         1370    i.adups_patch_ratio  adups_bl_main.o
    0x7e408ac0   0x00000020   Code   RO          719    i.after_updater_success  loadtable.o
    0x7e408ae0   0x000000ac   Code   RO         4062    i.alloc_block       tinyalloc.o
    0x7e408b8c   0x00000018   Code   RO         2640    i.asr3601s_spinor_do_erase_4k  spi_nor.o
    0x7e408ba4   0x00000018   Code   RO         2641    i.asr3601s_spinor_do_erase_64k  spi_nor.o
    0x7e408bbc   0x0000001c   Code   RO         2642    i.asr3601s_spinor_do_read  spi_nor.o
    0x7e408bd8   0x0000001c   Code   RO         2643    i.asr3601s_spinor_do_write  spi_nor.o
    0x7e408bf4   0x0000005c   Code   RO         2644    i.asr3601s_spinor_flashinit  spi_nor.o
    0x7e408c50   0x000000b8   Code   RO         2545    i.asr_norflash_erase  asr_nor_flash.o
    0x7e408d08   0x00000038   Code   RO         2546    i.asr_norflash_erase_4k  asr_nor_flash.o
    0x7e408d40   0x00000038   Code   RO         2547    i.asr_norflash_eraseblock  asr_nor_flash.o
    0x7e408d78   0x0000008c   Code   RO         2549    i.asr_norflash_read  asr_nor_flash.o
    0x7e408e04   0x0000008c   Code   RO         2550    i.asr_norflash_readpage  asr_nor_flash.o
    0x7e408e90   0x000000c4   Code   RO         2551    i.asr_norflash_write  asr_nor_flash.o
    0x7e408f54   0x0000008c   Code   RO         2552    i.asr_norflash_writepage  asr_nor_flash.o
    0x7e408fe0   0x000000a6   Code   RO         5987    i.backlight_on      backlight_drv.o
    0x7e409086   0x00000002   PAD
    0x7e409088   0x00000048   Code   RO         5988    i.backlight_set_brightness  backlight_drv.o
    0x7e4090d0   0x0000006c   Code   RO         6358    i.backup_before_check_flush  abup_wosun.lib(patch.o)
    0x7e40913c   0x00000058   Code   RO          169    i.bbu_qspi_init     qspi_core.o
    0x7e409194   0x00000038   Code   RO         6775    i.binary_search     abup_wosun.lib(disassem_arm.o)
    0x7e4091cc   0x00000164   Code   RO         7274    i.block_decode      abup_wosun.lib(block_decoder.o)
    0x7e409330   0x00000018   Code   RO         7275    i.block_decoder_end  abup_wosun.lib(block_decoder.o)
    0x7e409348   0x00000844   Code   RO         1467    i.body              adups_md5.o
    0x7e409b8c   0x00000084   Code   RO         4356    i.boot_dsp_adc_external_from_squ_new  utilities.o
    0x7e409c10   0x00000434   Code   RO         6359    i.bspatchFile       abup_wosun.lib(patch.o)
    0x7e40a044   0x00000020   Code   RO         6360    i.bspatchFile_deinit  abup_wosun.lib(patch.o)
    0x7e40a064   0x0000002c   Code   RO         6737    i.calc_crc          abup_wosun.lib(crc.o)
    0x7e40a090   0x00000262   Code   RO         6776    i.checkDecoderPredicate  abup_wosun.lib(disassem_arm.o)
    0x7e40a2f2   0x00000002   PAD
    0x7e40a2f4   0x000002e0   Code   RO          720    i.check_and_copy_dsp_adc  loadtable.o
    0x7e40a5d4   0x000002e8   Code   RO          721    i.check_and_copy_updater  loadtable.o
    0x7e40a8bc   0x000000f0   Code   RO         6361    i.check_flush_backward  abup_wosun.lib(patch.o)
    0x7e40a9ac   0x000000dc   Code   RO         6362    i.check_flush_forward  abup_wosun.lib(patch.o)
    0x7e40aa88   0x0000006c   Code   RO         1883    i.check_fs          ff.o
    0x7e40aaf4   0x000001fc   Code   RO         5785    i.check_layer_config  lcdd_logo_asr.o
    0x7e40acf0   0x00000168   Code   RO         5786    i.check_refresh_rect  lcdd_logo_asr.o
    0x7e40ae58   0x00000064   Code   RO         6363    i.check_restore_backup  abup_wosun.lib(patch.o)
    0x7e40aebc   0x00000040   Code   RO         2553    i.clear_fota_magic  asr_nor_flash.o
    0x7e40aefc   0x00000018   Code   RO         1884    i.clst2sect         ff.o
    0x7e40af14   0x0000005c   Code   RO         4063    i.compact           tinyalloc.o
    0x7e40af70   0x00000118   Code   RO         5787    i.config_lcd_layer  lcdd_logo_asr.o
    0x7e40b088   0x000000a4   Code   RO         2817    i.convert_region_size  system.o
    0x7e40b12c   0x00000058   Code   RO          670    i.cp_uart_init      uart.o
    0x7e40b184   0x00000014   Code   RO          671    i.cp_uart_putc      uart.o
    0x7e40b198   0x000000f4   Code   RO         4178    i.cpcore_fc_config  FreqChange.o
    0x7e40b28c   0x000000dc   Code   RO         1885    i.create_chain      ff.o
    0x7e40b368   0x00000118   Code   RO         1886    i.create_name       ff.o
    0x7e40b480   0x000000e8   Code   RO         6777    i.decodeInstruction_4  abup_wosun.lib(disassem_arm.o)
    0x7e40b568   0x0000002e   Code   RO         6778    i.decodeULEB128     abup_wosun.lib(disassem_arm.o)
    0x7e40b596   0x000000c4   Code   RO         6779    i.decode_assem      abup_wosun.lib(disassem_arm.o)
    0x7e40b65a   0x000000a4   Code   RO         7720    i.decode_buffer     abup_wosun.lib(lz_decoder.o)
    0x7e40b6fe   0x00000002   PAD
    0x7e40b700   0x00000030   Code   RO         7415    i.decoder_find      abup_wosun.lib(filter_decoder.o)
    0x7e40b730   0x0000001a   Code   RO         7790    i.dict_get          abup_wosun.lib(lzma_decoder.o)
    0x7e40b74a   0x0000000e   Code   RO         7791    i.dict_is_distance_valid  abup_wosun.lib(lzma_decoder.o)
    0x7e40b758   0x00000024   Code   RO         7792    i.dict_put          abup_wosun.lib(lzma_decoder.o)
    0x7e40b77c   0x000000a4   Code   RO         7793    i.dict_repeat       abup_wosun.lib(lzma_decoder.o)
    0x7e40b820   0x0000005a   Code   RO         1887    i.dir_clear         ff.o
    0x7e40b87a   0x000000ae   Code   RO         1888    i.dir_next          ff.o
    0x7e40b928   0x00000060   Code   RO         1889    i.dir_read          ff.o
    0x7e40b988   0x00000076   Code   RO         1890    i.dir_register      ff.o
    0x7e40b9fe   0x0000001e   Code   RO         1891    i.dir_remove        ff.o
    0x7e40ba1c   0x00000082   Code   RO         1892    i.dir_sdi           ff.o
    0x7e40ba9e   0x00000002   PAD
    0x7e40baa0   0x00000054   Code   RO         6780    i.disassem1         abup_wosun.lib(disassem_arm.o)
    0x7e40baf4   0x0000008c   Code   RO         6781    i.disassem_encode   abup_wosun.lib(disassem_arm.o)
    0x7e40bb80   0x00000074   Code   RO         6782    i.disassem_try      abup_wosun.lib(disassem_arm.o)
    0x7e40bbf4   0x00000018   Code   RO         1821    i.disk_initialize   diskio.o
    0x7e40bc0c   0x0000003e   Code   RO         1822    i.disk_ioctl        diskio.o
    0x7e40bc4a   0x0000002a   Code   RO         1823    i.disk_read         diskio.o
    0x7e40bc74   0x00000028   Code   RO         1824    i.disk_status       diskio.o
    0x7e40bc9c   0x00000032   Code   RO         1825    i.disk_write        diskio.o
    0x7e40bcce   0x00000002   PAD
    0x7e40bcd0   0x0000002c   Code   RO          250    i.dma_map_device_to_channel  qspi_dma.o
    0x7e40bcfc   0x00000028   Code   RO          254    i.dma_set_mode      qspi_dma.o
    0x7e40bd24   0x0000002c   Code   RO          255    i.dma_set_reg_nf    qspi_dma.o
    0x7e40bd50   0x00000044   Code   RO          259    i.dma_xfer_start    qspi_dma.o
    0x7e40bd94   0x00000040   Code   RO         5355    i.dsi_after_refresh  dsi_drv.o
    0x7e40bdd4   0x00000040   Code   RO         5356    i.dsi_before_refresh  dsi_drv.o
    0x7e40be14   0x00000014   Code   RO         5005    i.dump_layer_config  lcd_drv.o
    0x7e40be28   0x00000060   Code   RO         5006    i.dump_lcd_configs  lcd_drv.o
    0x7e40be88   0x0000000e   Code   RO         5007    i.dump_lcd_registers  lcd_drv.o
    0x7e40be96   0x00000002   PAD
    0x7e40be98   0x0000000c   Code   RO         1519    i.eeGetSystemAssertFlag  sdcard.o
    0x7e40bea4   0x00000054   Code   RO         6364    i.expand_dec_step2  abup_wosun.lib(patch.o)
    0x7e40bef8   0x00000022   Code   RO         6366    i.expand_inc_step2  abup_wosun.lib(patch.o)
    0x7e40bf1a   0x0000001e   Code   RO         1895    i.f_close           ff.o
    0x7e40bf38   0x00000134   Code   RO         1899    i.f_lseek           ff.o
    0x7e40c06c   0x00000064   Code   RO         1901    i.f_mount           ff.o
    0x7e40c0d0   0x000001a4   Code   RO         1902    i.f_open            ff.o
    0x7e40c274   0x0000013a   Code   RO         1904    i.f_read            ff.o
    0x7e40c3ae   0x00000002   PAD
    0x7e40c3b0   0x00000090   Code   RO         1908    i.f_sync            ff.o
    0x7e40c440   0x0000009e   Code   RO         1910    i.f_unlink          ff.o
    0x7e40c4de   0x00000170   Code   RO         1911    i.f_write           ff.o
    0x7e40c64e   0x00000018   Code   RO         6783    i.fieldFromInstruction_4  abup_wosun.lib(disassem_arm.o)
    0x7e40c666   0x00000002   PAD
    0x7e40c668   0x000000ac   Code   RO         2213    i.fill_lcd_chinese_info_into_framebuffer  lcd_test.o
    0x7e40c714   0x00000138   Code   RO         2214    i.fill_lcd_english_info_into_framebuffer  lcd_test.o
    0x7e40c84c   0x000001fc   Code   RO         5423    i.find_panel        panel_drv.o
    0x7e40ca48   0x00000260   Code   RO         1912    i.find_volume       ff.o
    0x7e40cca8   0x00000108   Code   RO         5788    i.flush_lcd         lcdd_logo_asr.o
    0x7e40cdb0   0x000000de   Code   RO         1913    i.follow_path       ff.o
    0x7e40ce8e   0x00000002   PAD
    0x7e40ce90   0x000000a4   Code   RO         6125    i.fotapatch_procedure  abup_wosun.lib(fotapatch.o)
    0x7e40cf34   0x00000048   Code   RO         6213    i.frame_memory_finalize  abup_wosun.lib(peer_vm.o)
    0x7e40cf7c   0x00000028   Code   RO         6214    i.frame_memory_free  abup_wosun.lib(peer_vm.o)
    0x7e40cfa4   0x00000098   Code   RO         6215    i.frame_memory_get_free_size  abup_wosun.lib(peer_vm.o)
    0x7e40d03c   0x0000000c   Code   RO         6216    i.frame_memory_get_poolsize  abup_wosun.lib(peer_vm.o)
    0x7e40d048   0x00000090   Code   RO         6217    i.frame_memory_initialize  abup_wosun.lib(peer_vm.o)
    0x7e40d0d8   0x0000006c   Code   RO         6218    i.frame_memory_malloc  abup_wosun.lib(peer_vm.o)
    0x7e40d144   0x000000f8   Code   RO         6219    i.frame_memory_remalloc  abup_wosun.lib(peer_vm.o)
    0x7e40d23c   0x00000004   Code   RO         4065    i.free              tinyalloc.o
    0x7e40d240   0x0000003a   Code   RO         7335    i.free_properties   abup_wosun.lib(block_header_decoder.o)
    0x7e40d27a   0x00000040   Code   RO         6367    i.generate_dec_step2  abup_wosun.lib(patch.o)
    0x7e40d2ba   0x0000001c   Code   RO         6369    i.generate_inc_step2  abup_wosun.lib(patch.o)
    0x7e40d2d6   0x00000002   PAD
    0x7e40d2d8   0x00000044   Code   RO          726    i.get_dsp_adc_backup_end_addr  loadtable.o
    0x7e40d31c   0x0000002c   Code   RO          727    i.get_dsp_adc_backup_start_addr  loadtable.o
    0x7e40d348   0x00000010   Code   RO          728    i.get_dsp_adc_copy_size  loadtable.o
    0x7e40d358   0x00000058   Code   RO          729    i.get_dsp_adc_end_addr  loadtable.o
    0x7e40d3b0   0x00000050   Code   RO          730    i.get_dsp_adc_start_addr  loadtable.o
    0x7e40d400   0x00000018   Code   RO          734    i.get_factory_a_start_address  loadtable.o
    0x7e40d418   0x000000be   Code   RO         1914    i.get_fat           ff.o
    0x7e40d4d6   0x00000026   Code   RO         5211    i.get_format_bpp    lcd_fns.o
    0x7e40d4fc   0x0000001e   Code   RO         5212    i.get_format_plane  lcd_fns.o
    0x7e40d51a   0x00000002   PAD
    0x7e40d51c   0x00000044   Code   RO          736    i.get_fota_param_end_addr  loadtable.o
    0x7e40d560   0x00000040   Code   RO          737    i.get_fota_param_start_addr  loadtable.o
    0x7e40d5a0   0x00000044   Code   RO          738    i.get_fota_pkg_end_addr  loadtable.o
    0x7e40d5e4   0x00000040   Code   RO          739    i.get_fota_pkg_size  loadtable.o
    0x7e40d624   0x00000040   Code   RO          740    i.get_fota_pkg_start_addr  loadtable.o
    0x7e40d664   0x0000008c   Code   RO         1916    i.get_ldnumber      ff.o
    0x7e40d6f0   0x0000004c   Code   RO         4757    i.get_logo_flash_start_addr  logo_table.o
    0x7e40d73c   0x00000020   Code   RO         5789    i.get_max_end_xy    lcdd_logo_asr.o
    0x7e40d75c   0x00000010   Code   RO          743    i.get_mmipool_start_address  loadtable.o
    0x7e40d76c   0x00000044   Code   RO         6053    i.get_panel_list    panel_list.o
    0x7e40d7b0   0x00000080   Code   RO         1521    i.get_sdcard_power_gpio  sdcard.o
    0x7e40d830   0x00000044   Code   RO          747    i.get_updater_backup_end_addr  loadtable.o
    0x7e40d874   0x0000002c   Code   RO          748    i.get_updater_backup_start_addr  loadtable.o
    0x7e40d8a0   0x00000010   Code   RO          749    i.get_updater_copy_size  loadtable.o
    0x7e40d8b0   0x00000044   Code   RO          750    i.get_updater_end_addr  loadtable.o
    0x7e40d8f4   0x0000000c   Code   RO         4638    i.get_updater_function_magic_type  updater_table.o
    0x7e40d900   0x00000040   Code   RO          751    i.get_updater_start_addr  loadtable.o
    0x7e40d940   0x0000001e   Code   RO         5213    i.get_uv_height_dividor  lcd_fns.o
    0x7e40d95e   0x0000001e   Code   RO         5214    i.get_uv_stride_dividor  lcd_fns.o
    0x7e40d97c   0x0000000c   Code   RO         6784    i.getbool           abup_wosun.lib(disassem_arm.o)
    0x7e40d988   0x00000014   Code   RO         1522    i.gpio_set_output   sdcard.o
    0x7e40d99c   0x0000001c   Code   RO         1523    i.gpio_set_value    sdcard.o
    0x7e40d9b8   0x00000022   Code   RO         3719    i.guilin_read_volt_meas_val  guilin.o
    0x7e40d9da   0x00000082   Code   RO         7479    i.hash_append       abup_wosun.lib(index_hash.o)
    0x7e40da5c   0x00000010   Code   RO         4360    i.hold_dsp_adc      utilities.o
    0x7e40da6c   0x00000016   Code   RO          543    i.ilog2             qspi_nor.o
    0x7e40da82   0x0000000e   Code   RO         7480    i.index_size        abup_wosun.lib(index_hash.o)
    0x7e40da90   0x0000001a   Code   RO         7481    i.index_size_unpadded  abup_wosun.lib(index_hash.o)
    0x7e40daaa   0x00000002   PAD
    0x7e40daac   0x0000007c   Code   RO         2791    i.init_lcd_vars     lcd_var.o
    0x7e40db28   0x0000002c   Code   RO         4066    i.insert_block      tinyalloc.o
    0x7e40db54   0x00000014   Code   RO         6370    i.isGoodCrc         abup_wosun.lib(patch.o)
    0x7e40db68   0x00000024   Code   RO         7540    i.is_backward_size_valid  abup_wosun.lib(stream_flags_common.o)
    0x7e40db8c   0x0000001a   Code   RO         5215    i.is_format_yuv     lcd_fns.o
    0x7e40dba6   0x00000002   PAD
    0x7e40dba8   0x0000001c   Code   RO          752    i.is_have_dsp_adc   loadtable.o
    0x7e40dbc4   0x0000001a   Code   RO         7276    i.is_size_valid     abup_wosun.lib(block_decoder.o)
    0x7e40dbde   0x00000002   PAD
    0x7e40dbe0   0x00000094   Code   RO         5009    i.lcd_after_refresh  lcd_drv.o
    0x7e40dc74   0x00000034   Code   RO         5309    i.lcd_ass_poweroff  lcd_hal.o
    0x7e40dca8   0x0000011c   Code   RO         5310    i.lcd_ass_poweron   lcd_hal.o
    0x7e40ddc4   0x000000a4   Code   RO         5010    i.lcd_check_config  lcd_drv.o
    0x7e40de68   0x00000010   Code   RO         5011    i.lcd_clear_bits    lcd_drv.o
    0x7e40de78   0x00000274   Code   RO         5012    i.lcd_config_OSD1   lcd_drv.o
    0x7e40e0ec   0x000001ec   Code   RO         5013    i.lcd_config_OSD2   lcd_drv.o
    0x7e40e2d8   0x000000ac   Code   RO         5014    i.lcd_config_dither  lcd_drv.o
    0x7e40e384   0x000001b0   Code   RO         5015    i.lcd_config_img    lcd_drv.o
    0x7e40e534   0x0000010c   Code   RO         5016    i.lcd_config_output  lcd_drv.o
    0x7e40e640   0x000000c4   Code   RO         5017    i.lcd_config_wb     lcd_drv.o
    0x7e40e704   0x00000078   Code   RO         5018    i.lcd_disable_layer  lcd_drv.o
    0x7e40e77c   0x00000078   Code   RO         5019    i.lcd_enable_layer  lcd_drv.o
    0x7e40e7f4   0x00000108   Code   RO         2215    i.lcd_fill_english_into_framebuffer  lcd_test.o
    0x7e40e8fc   0x0000003c   Code   RO         2216    i.lcd_get_panel_info  lcd_test.o
    0x7e40e938   0x00000014   Code   RO         5650    i.lcd_gpio_direction_output  lcd_sys_api.o
    0x7e40e94c   0x0000001c   Code   RO         5651    i.lcd_gpio_set_value  lcd_sys_api.o
    0x7e40e968   0x0000008c   Code   RO         5020    i.lcd_init          lcd_drv.o
    0x7e40e9f4   0x0000001e   Code   RO         5655    i.lcd_mdelay        lcd_sys_api.o
    0x7e40ea12   0x0000001e   Code   RO         5656    i.lcd_msleep        lcd_sys_api.o
    0x7e40ea30   0x00000154   Code   RO         5021    i.lcd_output_setting  lcd_drv.o
    0x7e40eb84   0x000000cc   Code   RO         6069    i.lcd_panel_checkesd  lcd_st7789v_spi.o
    0x7e40ec50   0x00000090   Code   RO         6070    i.lcd_panel_display_off  lcd_st7789v_spi.o
    0x7e40ece0   0x00000090   Code   RO         6071    i.lcd_panel_display_on  lcd_st7789v_spi.o
    0x7e40ed70   0x0000034c   Code   RO         6072    i.lcd_panel_init    lcd_st7789v_spi.o
    0x7e40f0bc   0x000000fc   Code   RO         6073    i.lcd_panel_invalid  lcd_st7789v_spi.o
    0x7e40f1b8   0x000000fc   Code   RO         6074    i.lcd_panel_readid  lcd_st7789v_spi.o
    0x7e40f2b4   0x00000074   Code   RO         6017    i.lcd_panel_spi_init  lcd_spi_common.o
    0x7e40f328   0x00000040   Code   RO         6018    i.lcd_panel_spi_reset  lcd_spi_common.o
    0x7e40f368   0x00000044   Code   RO         6019    i.lcd_panel_spi_uninit  lcd_spi_common.o
    0x7e40f3ac   0x00000044   Code   RO         6020    i.lcd_panel_spi_update  lcd_spi_common.o
    0x7e40f3f0   0x0000000c   Code   RO         5022    i.lcd_read          lcd_drv.o
    0x7e40f3fc   0x00000120   Code   RO         5023    i.lcd_refresh       lcd_drv.o
    0x7e40f51c   0x00000010   Code   RO         5025    i.lcd_set_bits      lcd_drv.o
    0x7e40f52c   0x0000000a   Code   RO         5026    i.lcd_start         lcd_drv.o
    0x7e40f536   0x00000002   PAD
    0x7e40f538   0x00000110   Code   RO         5027    i.lcd_start_polling  lcd_drv.o
    0x7e40f648   0x00000020   Code   RO         5657    i.lcd_udelay        lcd_sys_api.o
    0x7e40f668   0x00000040   Code   RO         5028    i.lcd_uninit        lcd_drv.o
    0x7e40f6a8   0x00000044   Code   RO         5029    i.lcd_update_output_setting  lcd_drv.o
    0x7e40f6ec   0x0000000c   Code   RO         5030    i.lcd_write         lcd_drv.o
    0x7e40f6f8   0x00000018   Code   RO         5031    i.lcd_write_bits    lcd_drv.o
    0x7e40f710   0x00000044   Code   RO         5424    i.lcm_pin_cfg       panel_drv.o
    0x7e40f754   0x00000054   Code   RO         5425    i.lcm_poweron       panel_drv.o
    0x7e40f7a8   0x00000026   Code   RO         5426    i.lcm_reset         panel_drv.o
    0x7e40f7ce   0x00000026   Code   RO         1917    i.ld_clust          ff.o
    0x7e40f7f4   0x00000016   Code   RO         1918    i.ld_dword          ff.o
    0x7e40f80a   0x0000000a   Code   RO         1919    i.ld_word           ff.o
    0x7e40f814   0x00000174   Code   RO         4361    i.load_dsp_adc      utilities.o
    0x7e40f988   0x000000ac   Code   RO          753    i.loadtable_init    loadtable.o
    0x7e40fa34   0x000000a8   Code   RO         4761    i.logo_get_ext_dsp_adc_exec_addr  logo_table.o
    0x7e40fadc   0x00000010   Code   RO         4762    i.logo_get_ext_dsp_adc_flash_start_addr  logo_table.o
    0x7e40faec   0x000000a8   Code   RO         4763    i.logo_get_ext_dsp_adc_size  logo_table.o
    0x7e40fb94   0x000000a4   Code   RO         4764    i.logo_get_ext_logo_size  logo_table.o
    0x7e40fc38   0x00000174   Code   RO         6371    i.lookup_writeFrameNo_backward  abup_wosun.lib(patch.o)
    0x7e40fdac   0x00000140   Code   RO         6372    i.lookup_writeFrameNo_forward  abup_wosun.lib(patch.o)
    0x7e40feec   0x000000dc   Code   RO         7721    i.lz_decode         abup_wosun.lib(lz_decoder.o)
    0x7e40ffc8   0x00000030   Code   RO         7722    i.lz_decoder_end    abup_wosun.lib(lz_decoder.o)
    0x7e40fff8   0x00000014   Code   RO         7723    i.lz_decoder_reset  abup_wosun.lib(lz_decoder.o)
    0x7e41000c   0x000001a0   Code   RO         7637    i.lzma2_decode      abup_wosun.lib(lzma2_decoder.o)
    0x7e4101ac   0x00000020   Code   RO         7638    i.lzma2_decoder_end  abup_wosun.lib(lzma2_decoder.o)
    0x7e4101cc   0x0000006c   Code   RO         7639    i.lzma2_decoder_init  abup_wosun.lib(lzma2_decoder.o)
    0x7e410238   0x00000102   Code   RO         7336    i.lzma_block_header_decode  abup_wosun.lib(block_header_decoder.o)
    0x7e41033a   0x0000006c   Code   RO         7354    i.lzma_block_unpadded_size  abup_wosun.lib(block_util.o)
    0x7e4103a6   0x00000002   Code   RO         7379    i.lzma_check_finish  abup_wosun.lib(check.o)
    0x7e4103a8   0x00000002   Code   RO         7380    i.lzma_check_init   abup_wosun.lib(check.o)
    0x7e4103aa   0x00000004   Code   RO         7381    i.lzma_check_is_supported  abup_wosun.lib(check.o)
    0x7e4103ae   0x00000006   Code   RO         7382    i.lzma_check_size   abup_wosun.lib(check.o)
    0x7e4103b4   0x00000002   Code   RO         7383    i.lzma_check_update  abup_wosun.lib(check.o)
    0x7e4103b6   0x00000004   Code   RO         7076    i.lzma_crc32        abup_wosun.lib(common.o)
    0x7e4103ba   0x00000002   PAD
    0x7e4103bc   0x00001d1a   Code   RO         7795    i.lzma_decode       abup_wosun.lib(lzma_decoder.o)
    0x7e4120d6   0x00000002   PAD
    0x7e4120d8   0x00000028   Code   RO         7416    i.lzma_decoder_init  abup_wosun.lib(filter_decoder.o)
    0x7e412100   0x000001e0   Code   RO         7797    i.lzma_decoder_reset  abup_wosun.lib(lzma_decoder.o)
    0x7e4122e0   0x00000010   Code   RO         7798    i.lzma_decoder_uncompressed  abup_wosun.lib(lzma_decoder.o)
    0x7e4122f0   0x00000064   Code   RO         7625    i.lzma_filter_flags_decode  abup_wosun.lib(filter_flags_decoder.o)
    0x7e412354   0x0000009c   Code   RO         7482    i.lzma_index_hash_append  abup_wosun.lib(index_hash.o)
    0x7e4123f0   0x0000023c   Code   RO         7483    i.lzma_index_hash_decode  abup_wosun.lib(index_hash.o)
    0x7e41262c   0x00000004   Code   RO         7484    i.lzma_index_hash_end  abup_wosun.lib(index_hash.o)
    0x7e412630   0x00000064   Code   RO         7485    i.lzma_index_hash_init  abup_wosun.lib(index_hash.o)
    0x7e412694   0x0000000c   Code   RO         7486    i.lzma_index_hash_size  abup_wosun.lib(index_hash.o)
    0x7e4126a0   0x000000f8   Code   RO         7724    i.lzma_lz_decoder_init  abup_wosun.lib(lz_decoder.o)
    0x7e412798   0x0000000e   Code   RO         7725    i.lzma_lz_decoder_memusage  abup_wosun.lib(lz_decoder.o)
    0x7e4127a6   0x00000002   PAD
    0x7e4127a8   0x00000018   Code   RO         7640    i.lzma_lzma2_decoder_init  abup_wosun.lib(lzma2_decoder.o)
    0x7e4127c0   0x00000010   Code   RO         7641    i.lzma_lzma2_decoder_memusage  abup_wosun.lib(lzma2_decoder.o)
    0x7e4127d0   0x00000050   Code   RO         7642    i.lzma_lzma2_props_decode  abup_wosun.lib(lzma2_decoder.o)
    0x7e412820   0x00000044   Code   RO         7799    i.lzma_lzma_decoder_create  abup_wosun.lib(lzma_decoder.o)
    0x7e412864   0x00000014   Code   RO         7802    i.lzma_lzma_decoder_memusage_nocheck  abup_wosun.lib(lzma_decoder.o)
    0x7e412878   0x00000038   Code   RO         7803    i.lzma_lzma_lclppb_decode  abup_wosun.lib(lzma_decoder.o)
    0x7e4128b0   0x00000040   Code   RO         7418    i.lzma_properties_decode  abup_wosun.lib(filter_decoder.o)
    0x7e4128f0   0x000000be   Code   RO         7595    i.lzma_raw_coder_init  abup_wosun.lib(filter_common.o)
    0x7e4129ae   0x00000076   Code   RO         7596    i.lzma_raw_coder_memusage  abup_wosun.lib(filter_common.o)
    0x7e412a24   0x00000014   Code   RO         7420    i.lzma_raw_decoder_init  abup_wosun.lib(filter_decoder.o)
    0x7e412a38   0x0000000c   Code   RO         7421    i.lzma_raw_decoder_memusage  abup_wosun.lib(filter_decoder.o)
    0x7e412a44   0x00000066   Code   RO         7541    i.lzma_stream_flags_compare  abup_wosun.lib(stream_flags_common.o)
    0x7e412aaa   0x00000002   PAD
    0x7e412aac   0x00000058   Code   RO         7564    i.lzma_stream_footer_decode  abup_wosun.lib(stream_flags_decoder.o)
    0x7e412b04   0x00000034   Code   RO         7565    i.lzma_stream_header_decode  abup_wosun.lib(stream_flags_decoder.o)
    0x7e412b38   0x000000b2   Code   RO         7696    i.lzma_vli_decode   abup_wosun.lib(vli_decoder.o)
    0x7e412bea   0x00000034   Code   RO         7708    i.lzma_vli_size     abup_wosun.lib(vli_size.o)
    0x7e412c1e   0x00000036   Code   RO         4362    i.m_atoi_dec        utilities.o
    0x7e412c54   0x00000012   Code   RO         4364    i.m_strlen          utilities.o
    0x7e412c66   0x00000004   Code   RO         4067    i.malloc            tinyalloc.o
    0x7e412c6a   0x00000004   Code   RO         4068    i.malloc_init       tinyalloc.o
    0x7e412c6e   0x00000002   PAD
    0x7e412c70   0x00000040   Code   RO         5914    i.mcu_after_refresh  mcu_drv.o
    0x7e412cb0   0x00000040   Code   RO         5915    i.mcu_before_refresh  mcu_drv.o
    0x7e412cf0   0x00000020   Code   RO         2289    i.mdelay            ssp_host.o
    0x7e412d10   0x00000018   Code   RO         1920    i.mem_cmp           ff.o
    0x7e412d28   0x00000012   Code   RO         1921    i.mem_cpy           ff.o
    0x7e412d3a   0x0000000c   Code   RO         1922    i.mem_set           ff.o
    0x7e412d46   0x00000002   PAD
    0x7e412d48   0x00000044   Code   RO         1061    i.mfp_config        keypad_drv.o
    0x7e412d8c   0x00000032   Code   RO         1923    i.move_window       ff.o
    0x7e412dbe   0x00000002   PAD
    0x7e412dc0   0x00000084   Code   RO         2821    i.mpu_set_region    system.o
    0x7e412e44   0x0000001e   Code   RO         2822    i.mpu_value_check   system.o
    0x7e412e62   0x00000002   PAD
    0x7e412e64   0x00000038   Code   RO         6373    i.new_op_next       abup_wosun.lib(patch.o)
    0x7e412e9c   0x00000050   Code   RO         6374    i.obtain_new_op     abup_wosun.lib(patch.o)
    0x7e412eec   0x000000b4   Code   RO         6375    i.pad_trailing_data  abup_wosun.lib(patch.o)
    0x7e412fa0   0x00000108   Code   RO         6376    i.pad_trailing_zeros  abup_wosun.lib(patch.o)
    0x7e4130a8   0x00000016   Code   RO         5427    i.panel_after_refresh  panel_drv.o
    0x7e4130be   0x0000003e   Code   RO         5428    i.panel_before_refresh  panel_drv.o
    0x7e4130fc   0x00000014   Code   RO         5430    i.panel_delay       panel_drv.o
    0x7e413110   0x000000ec   Code   RO         5432    i.panel_init        panel_drv.o
    0x7e4131fc   0x000000d4   Code   RO         5435    i.panel_uninit      panel_drv.o
    0x7e4132d0   0x00000012   Code   RO         5436    i.panel_wakeup      panel_drv.o
    0x7e4132e2   0x00000002   PAD
    0x7e4132e4   0x000000f4   Code   RO         6377    i.patch             abup_wosun.lib(patch.o)
    0x7e4133d8   0x000003a0   Code   RO         6378    i.patch_backward    abup_wosun.lib(patch.o)
    0x7e413778   0x000000f8   Code   RO         6379    i.patch_buffer      abup_wosun.lib(patch.o)
    0x7e413870   0x0000039c   Code   RO         6380    i.patch_forward     abup_wosun.lib(patch.o)
    0x7e413c0c   0x0000005c   Code   RO         6381    i.patch_readback    abup_wosun.lib(patch.o)
    0x7e413c68   0x00000002   Code   RO         6610    i.peer_assert       abup_wosun.lib(peer_common.o)
    0x7e413c6a   0x0000001c   Code   RO         6871    i.peer_fclose       abup_wosun.lib(peer.o)
    0x7e413c86   0x00000012   Code   RO         6612    i.peer_feof         abup_wosun.lib(peer_common.o)
    0x7e413c98   0x00000004   Code   RO         6613    i.peer_ferror       abup_wosun.lib(peer_common.o)
    0x7e413c9c   0x00000004   Code   RO         6872    i.peer_filesize     abup_wosun.lib(peer.o)
    0x7e413ca0   0x000000c0   Code   RO         6873    i.peer_fopen        abup_wosun.lib(peer.o)
    0x7e413d60   0x0000001c   Code   RO         6874    i.peer_fpop         abup_wosun.lib(peer.o)
    0x7e413d7c   0x00000014   Code   RO         6875    i.peer_fpush        abup_wosun.lib(peer.o)
    0x7e413d90   0x0000009a   Code   RO         6876    i.peer_fread        abup_wosun.lib(peer.o)
    0x7e413e2a   0x0000000a   Code   RO         6614    i.peer_free_ptr     abup_wosun.lib(peer_common.o)
    0x7e413e34   0x00000024   Code   RO         6877    i.peer_fseek        abup_wosun.lib(peer.o)
    0x7e413e58   0x0000007a   Code   RO         6878    i.peer_fwrite       abup_wosun.lib(peer.o)
    0x7e413ed2   0x0000001c   Code   RO         6880    i.peer_get_flashblocknum  abup_wosun.lib(peer.o)
    0x7e413eee   0x0000000c   Code   RO         6881    i.peer_get_flashblockpos  abup_wosun.lib(peer.o)
    0x7e413efa   0x00000004   Code   RO         6616    i.peer_get_length   abup_wosun.lib(peer_common.o)
    0x7e413efe   0x00000004   Code   RO         6882    i.peer_get_totalflashsize  abup_wosun.lib(peer.o)
    0x7e413f02   0x00000002   PAD
    0x7e413f04   0x00000078   Code   RO         6617    i.peer_isOldDataExist  abup_wosun.lib(peer_common.o)
    0x7e413f7c   0x0000000c   Code   RO         6618    i.peer_isReadbackCheck  abup_wosun.lib(peer_common.o)
    0x7e413f88   0x0000000a   Code   RO         6619    i.peer_malloc_ptr   abup_wosun.lib(peer_common.o)
    0x7e413f92   0x00000004   Code   RO         6621    i.peer_mempool_total  abup_wosun.lib(peer_common.o)
    0x7e413f96   0x0000001a   Code   RO         6622    i.peer_offtin_sign_lowest  abup_wosun.lib(peer_common.o)
    0x7e413fb0   0x0000000a   Code   RO         6623    i.peer_remalloc_ptr  abup_wosun.lib(peer_common.o)
    0x7e413fba   0x00000004   Code   RO         6627    i.peer_update_length  abup_wosun.lib(peer_common.o)
    0x7e413fbe   0x0000005a   Code   RO         3720    i.pm802_get_battery_voltage  guilin.o
    0x7e414018   0x00000002   Code   RO         5658    i.pm802_set_BackLightStatus  lcd_sys_api.o
    0x7e41401a   0x00000002   PAD
    0x7e41401c   0x000001e0   Code   RO         4365    i.pm803_FitBatteryValue  utilities.o
    0x7e4141fc   0x000000b8   Code   RO         4366    i.pm803_GetBatteryReadyFlag  utilities.o
    0x7e4142b4   0x000001c4   Code   RO         4367    i.pm803_get_battery_voltage  utilities.o
    0x7e414478   0x0000001a   Code   RO         3364    i.pm813_charger_restore  ningbo.o
    0x7e414492   0x00000032   Code   RO         3365    i.pm813_charger_switch  ningbo.o
    0x7e4144c4   0x0000001c   Code   RO         3366    i.pm813_get_bat_vol  ningbo.o
    0x7e4144e0   0x00000012   Code   RO         3368    i.pm813_get_chargerError  ningbo.o
    0x7e4144f2   0x00000014   Code   RO         3369    i.pm813_get_charger_FSM_state  ningbo.o
    0x7e414506   0x00000054   Code   RO         2963    i.pmic_user_defined_flags_set  pmic.o
    0x7e41455a   0x00000002   PAD
    0x7e41455c   0x00000134   Code   RO         5790    i.prepare_fstn_data  lcdd_logo_asr.o
    0x7e414690   0x00000070   Code   RO         1013    i.psram_read_mr     psram.o
    0x7e414700   0x00000068   Code   RO         1014    i.psram_set         psram.o
    0x7e414768   0x00000018   Code   RO          950    i.ptable_dump       ptable.o
    0x7e414780   0x00000038   Code   RO          951    i.ptable_find_entry  ptable.o
    0x7e4147b8   0x0000001c   Code   RO          955    i.ptable_init       ptable.o
    0x7e4147d4   0x000000ea   Code   RO         1924    i.put_fat           ff.o
    0x7e4148be   0x00000002   PAD
    0x7e4148c0   0x00000014   Code   RO          400    i.qspi_cmd_done_interrupt  qspi_host.o
    0x7e4148d4   0x00000020   Code   RO          401    i.qspi_cmd_done_pio  qspi_host.o
    0x7e4148f4   0x0000011c   Code   RO          402    i.qspi_config_lookup_tbl  qspi_host.o
    0x7e414a10   0x00000058   Code   RO          403    i.qspi_config_mfp   qspi_host.o
    0x7e414a68   0x00000018   Code   RO          404    i.qspi_enable_ahb_preempt  qspi_host.o
    0x7e414a80   0x0000002e   Code   RO          405    i.qspi_enable_xip   qspi_host.o
    0x7e414aae   0x00000002   PAD
    0x7e414ab0   0x00000020   Code   RO          406    i.qspi_enter_mode   qspi_host.o
    0x7e414ad0   0x0000006c   Code   RO          408    i.qspi_fill_tx_buff  qspi_host.o
    0x7e414b3c   0x000000e8   Code   RO          409    i.qspi_host_init    qspi_host.o
    0x7e414c24   0x00000058   Code   RO          410    i.qspi_init_ahb     qspi_host.o
    0x7e414c7c   0x00000018   Code   RO          411    i.qspi_memcpy       qspi_host.o
    0x7e414c94   0x00000012   Code   RO          544    i.qspi_memset       qspi_nor.o
    0x7e414ca6   0x00000002   PAD
    0x7e414ca8   0x000000b4   Code   RO          412    i.qspi_poll_rx_buff  qspi_host.o
    0x7e414d5c   0x00000042   Code   RO          413    i.qspi_preinit_lookup_tbl  qspi_host.o
    0x7e414d9e   0x00000002   PAD
    0x7e414da0   0x000000a4   Code   RO          414    i.qspi_set_func_clk  qspi_host.o
    0x7e414e44   0x00000004   Code   RO          415    i.qspi_start_cmd    qspi_host.o
    0x7e414e48   0x0000003c   Code   RO          416    i.qspi_start_dma_xfer  qspi_host.o
    0x7e414e84   0x00000028   Code   RO          417    i.qspi_wait_cmd_done  qspi_host.o
    0x7e414eac   0x00000020   Code   RO          418    i.qspi_write_rbct   qspi_host.o
    0x7e414ecc   0x00000020   Code   RO          419    i.qspi_write_sfar   qspi_host.o
    0x7e414eec   0x0000004c   Code   RO         6628    i.readFromBackup    abup_wosun.lib(peer_common.o)
    0x7e414f38   0x00000036   Code   RO         6382    i.read_ctrl         abup_wosun.lib(patch.o)
    0x7e414f6e   0x00000002   PAD
    0x7e414f70   0x00000274   Code   RO         6383    i.recover_addr_op   abup_wosun.lib(patch.o)
    0x7e4151e4   0x00000078   Code   RO         6384    i.recover_backup    abup_wosun.lib(patch.o)
    0x7e41525c   0x00000080   Code   RO         5791    i.refresh_lcd       lcdd_logo_asr.o
    0x7e4152dc   0x00000168   Code   RO         5792    i.refresh_lcd_fstn  lcdd_logo_asr.o
    0x7e415444   0x00000074   Code   RO         1925    i.remove_chain      ff.o
    0x7e4154b8   0x00000174   Code   RO         2217    i.s_ota_LcdShowProcess  lcd_test.o
    0x7e41562c   0x00000350   Code   RO         6385    i.scan_addr_op      abup_wosun.lib(patch.o)
    0x7e41597c   0x0000012c   Code   RO         6785    i.scan_file_addr    abup_wosun.lib(disassem_arm.o)
    0x7e415aa8   0x00000108   Code   RO         6786    i.scan_file_addr_op  abup_wosun.lib(disassem_arm.o)
    0x7e415bb0   0x000000d0   Code   RO         6787    i.scan_file_op      abup_wosun.lib(disassem_arm.o)
    0x7e415c80   0x000000cc   Code   RO         6386    i.scan_old_addr     abup_wosun.lib(patch.o)
    0x7e415d4c   0x00000080   Code   RO         6387    i.scan_old_addr_op  abup_wosun.lib(patch.o)
    0x7e415dcc   0x0000005c   Code   RO         6388    i.scan_old_op       abup_wosun.lib(patch.o)
    0x7e415e28   0x00000024   Code   RO         1525    i.sdcard_burstsize_config  sdcard.o
    0x7e415e4c   0x00000058   Code   RO         1527    i.sdcard_clk_on     sdcard.o
    0x7e415ea4   0x00000424   Code   RO         1528    i.sdcard_cmd_init   sdcard.o
    0x7e4162c8   0x0000000c   Code   RO         1530    i.sdcard_get_blknum  sdcard.o
    0x7e4162d4   0x0000000c   Code   RO         1532    i.sdcard_get_mode   sdcard.o
    0x7e4162e0   0x000003dc   Code   RO         1534    i.sdcard_init       sdcard.o
    0x7e4166bc   0x00000030   Code   RO         1536    i.sdcard_is_ready   sdcard.o
    0x7e4166ec   0x00000048   Code   RO         1537    i.sdcard_poweroff   sdcard.o
    0x7e416734   0x0000005c   Code   RO         1538    i.sdcard_poweron    sdcard.o
    0x7e416790   0x0000023c   Code   RO         1540    i.sdcard_read_multiblks  sdcard.o
    0x7e4169cc   0x00000234   Code   RO         1541    i.sdcard_read_singleblk  sdcard.o
    0x7e416c00   0x00000094   Code   RO         1544    i.sdcard_set_power  sdcard.o
    0x7e416c94   0x000000f4   Code   RO         1545    i.sdcard_set_width  sdcard.o
    0x7e416d88   0x00000278   Code   RO         1548    i.sdcard_write_multiblks  sdcard.o
    0x7e417000   0x0000029c   Code   RO         1549    i.sdcard_write_singleblk  sdcard.o
    0x7e41729c   0x00000018   Code   RO         1236    i.sddata_erase_backup_region  adups_bl_flash.o
    0x7e4172b4   0x0000001c   Code   RO         1237    i.sddata_erase_delata  adups_bl_flash.o
    0x7e4172d0   0x000000f4   Code   RO         1238    i.sddata_read       adups_bl_flash.o
    0x7e4173c4   0x000000ac   Code   RO         1239    i.sddata_read_backup_region  adups_bl_flash.o
    0x7e417470   0x000000c0   Code   RO         1240    i.sddata_write_backup_region  adups_bl_flash.o
    0x7e417530   0x0000000e   Code   RO         7727    i.set_lzma_lz_coder_init  abup_wosun.lib(lz_decoder.o)
    0x7e41753e   0x00000020   Code   RO         2823    i.set_mpu_for_DSP   system.o
    0x7e41755e   0x0000001e   Code   RO         2824    i.set_mpu_reg_0     system.o
    0x7e41757c   0x00000020   Code   RO         2825    i.set_mpu_reg_2     system.o
    0x7e41759c   0x0000001e   Code   RO         2826    i.set_mpu_reg_3     system.o
    0x7e4175ba   0x0000001e   Code   RO         2827    i.set_mpu_reg_4     system.o
    0x7e4175d8   0x00000060   Code   RO         5528    i.set_spi_clk       spi_drv.o
    0x7e417638   0x00000020   Code   RO         5529    i.set_spi_path      spi_drv.o
    0x7e417658   0x0000007c   Code   RO         5530    i.spi_after_refresh  spi_drv.o
    0x7e4176d4   0x00000014   Code   RO         2290    i.spi_assert_cs     ssp_host.o
    0x7e4176e8   0x00000120   Code   RO         5531    i.spi_before_refresh  spi_drv.o
    0x7e417808   0x00000076   Code   RO         5532    i.spi_config        spi_drv.o
    0x7e41787e   0x00000002   PAD
    0x7e417880   0x00000014   Code   RO         2291    i.spi_deassert_cs   ssp_host.o
    0x7e417894   0x00000020   Code   RO         2292    i.spi_disable_ssp   ssp_host.o
    0x7e4178b4   0x0000003c   Code   RO         2294    i.spi_dss_switch    ssp_host.o
    0x7e4178f0   0x0000001c   Code   RO         5533    i.spi_enable        spi_drv.o
    0x7e41790c   0x000000d8   Code   RO         5534    i.spi_img_config    spi_drv.o
    0x7e4179e4   0x00000200   Code   RO         5535    i.spi_init          spi_drv.o
    0x7e417be4   0x0000006c   Code   RO          545    i.spi_nor_enable_4byte_mode  qspi_nor.o
    0x7e417c50   0x000000b8   Code   RO          546    i.spi_nor_enable_qpi  qspi_nor.o
    0x7e417d08   0x000000f4   Code   RO          547    i.spi_nor_enable_quad  qspi_nor.o
    0x7e417dfc   0x000000c0   Code   RO          548    i.spi_nor_erase     qspi_nor.o
    0x7e417ebc   0x00000082   Code   RO          550    i.spi_nor_erase_block  qspi_nor.o
    0x7e417f3e   0x0000006e   Code   RO          551    i.spi_nor_erase_sector  qspi_nor.o
    0x7e417fac   0x000001a0   Code   RO          552    i.spi_nor_init      qspi_nor.o
    0x7e41814c   0x0000007a   Code   RO          553    i.spi_nor_program_data  qspi_nor.o
    0x7e4181c6   0x00000092   Code   RO          554    i.spi_nor_read      qspi_nor.o
    0x7e418258   0x00000034   Code   RO          555    i.spi_nor_read_id   qspi_nor.o
    0x7e41828c   0x00000032   Code   RO          556    i.spi_nor_read_status  qspi_nor.o
    0x7e4182be   0x0000000a   Code   RO          557    i.spi_nor_read_status1  qspi_nor.o
    0x7e4182c8   0x00000028   Code   RO          558    i.spi_nor_read_status2  qspi_nor.o
    0x7e4182f0   0x00000054   Code   RO          559    i.spi_nor_reset     qspi_nor.o
    0x7e418344   0x00000054   Code   RO          560    i.spi_nor_set_rd_wr_op  qspi_nor.o
    0x7e418398   0x0000003c   Code   RO          561    i.spi_nor_wait      qspi_nor.o
    0x7e4183d4   0x000000ac   Code   RO          562    i.spi_nor_write     qspi_nor.o
    0x7e418480   0x0000002c   Code   RO          563    i.spi_nor_write_enable  qspi_nor.o
    0x7e4184ac   0x00000034   Code   RO          564    i.spi_nor_write_status1  qspi_nor.o
    0x7e4184e0   0x000001b4   Code   RO         5536    i.spi_read_data     spi_drv.o
    0x7e418694   0x00000010   Code   RO         2295    i.spi_recv_data     ssp_host.o
    0x7e4186a4   0x00000004   Code   RO         5537    i.spi_reset         spi_drv.o
    0x7e4186a8   0x00000108   Code   RO         2647    i.spi_start_cmd     spi_nor.o
    0x7e4187b0   0x00000094   Code   RO         5539    i.spi_uninit        spi_drv.o
    0x7e418844   0x00000024   Code   RO         5540    i.spi_update        spi_drv.o
    0x7e418868   0x00000048   Code   RO         2298    i.spi_wait_complete  ssp_host.o
    0x7e4188b0   0x00000184   Code   RO         5541    i.spi_write_cmd     spi_drv.o
    0x7e418a34   0x0000018c   Code   RO         5542    i.spi_write_data    spi_drv.o
    0x7e418bc0   0x00000058   Code   RO         2299    i.spi_xmit_config   ssp_host.o
    0x7e418c18   0x00000010   Code   RO         2300    i.spi_xmit_data     ssp_host.o
    0x7e418c28   0x0000001c   Code   RO         2301    i.spi_xmit_start    ssp_host.o
    0x7e418c44   0x0000001c   Code   RO         2302    i.spi_xmit_stop     ssp_host.o
    0x7e418c60   0x00000074   Code   RO         2648    i.spinor_cache_read  spi_nor.o
    0x7e418cd4   0x00000090   Code   RO         2649    i.spinor_cache_read_pio  spi_nor.o
    0x7e418d64   0x0000007c   Code   RO         2650    i.spinor_erase      spi_nor.o
    0x7e418de0   0x000000e8   Code   RO         2651    i.spinor_erase_blk_64k  spi_nor.o
    0x7e418ec8   0x000000e4   Code   RO         2652    i.spinor_erase_sector  spi_nor.o
    0x7e418fac   0x00000094   Code   RO         2653    i.spinor_get_flash_info_by_jedecid  spi_nor.o
    0x7e419040   0x000001b4   Code   RO         2654    i.spinor_init       spi_nor.o
    0x7e4191f4   0x00000088   Code   RO         2655    i.spinor_page_program_pio  spi_nor.o
    0x7e41927c   0x00000080   Code   RO         2656    i.spinor_program_load  spi_nor.o
    0x7e4192fc   0x00000036   Code   RO         2657    i.spinor_read       spi_nor.o
    0x7e419332   0x00000002   PAD
    0x7e419334   0x00000068   Code   RO         2658    i.spinor_read_id    spi_nor.o
    0x7e41939c   0x00000070   Code   RO         2659    i.spinor_read_reg   spi_nor.o
    0x7e41940c   0x0000001c   Code   RO         2660    i.spinor_read_status  spi_nor.o
    0x7e419428   0x000000d0   Code   RO         2661    i.spinor_reset      spi_nor.o
    0x7e4194f8   0x00000076   Code   RO         2662    i.spinor_write      spi_nor.o
    0x7e41956e   0x00000002   PAD
    0x7e419570   0x0000007c   Code   RO         2663    i.spinor_write_enable  spi_nor.o
    0x7e4195ec   0x00000088   Code   RO         2303    i.ssp_clk_cfg       ssp_host.o
    0x7e419674   0x00000020   Code   RO         2306    i.ssp_config_master  ssp_host.o
    0x7e419694   0x00000040   Code   RO         2310    i.ssp_init_master   ssp_host.o
    0x7e4196d4   0x00000038   Code   RO         2312    i.ssp_pinmux_cfg    ssp_host.o
    0x7e41970c   0x00000018   Code   RO         2314    i.ssp_port_init     ssp_host.o
    0x7e419724   0x00000028   Code   RO         1926    i.st_clust          ff.o
    0x7e41974c   0x00000010   Code   RO         1927    i.st_dword          ff.o
    0x7e41975c   0x00000008   Code   RO         1928    i.st_word           ff.o
    0x7e419764   0x00000052   Code   RO         6389    i.stream_ReadOneUnsigned32  abup_wosun.lib(patch.o)
    0x7e4197b6   0x00000272   Code   RO         7209    i.stream_decode     abup_wosun.lib(stream_decoder.o)
    0x7e419a28   0x00000022   Code   RO         7210    i.stream_decoder_end  abup_wosun.lib(stream_decoder.o)
    0x7e419a4a   0x00000006   Code   RO         7211    i.stream_decoder_get_check  abup_wosun.lib(stream_decoder.o)
    0x7e419a50   0x00000034   Code   RO         7212    i.stream_decoder_memconfig  abup_wosun.lib(stream_decoder.o)
    0x7e419a84   0x00000020   Code   RO         7213    i.stream_decoder_reset  abup_wosun.lib(stream_decoder.o)
    0x7e419aa4   0x0000001e   Code   RO         7566    i.stream_flags_decode  abup_wosun.lib(stream_flags_decoder.o)
    0x7e419ac2   0x00000002   PAD
    0x7e419ac4   0x00000018   Code   RO         6951    i.stream_inf_init_stream_decoder  abup_wosun.lib(stream_interface.o)
    0x7e419adc   0x00000058   Code   RO         6952    i.stream_inf_install_stream_manager  abup_wosun.lib(stream_interface.o)
    0x7e419b34   0x0000001c   Code   RO         6953    i.stream_inf_stream_end  abup_wosun.lib(stream_interface.o)
    0x7e419b50   0x00000020   Code   RO         6954    i.stream_inf_stream_read  abup_wosun.lib(stream_interface.o)
    0x7e419b70   0x0000007c   Code   RO         7033    i.stream_init_lzma_decoder  abup_wosun.lib(stream_lzma.o)
    0x7e419bec   0x00000020   Code   RO         7035    i.stream_lzma_end   abup_wosun.lib(stream_lzma.o)
    0x7e419c0c   0x0000009c   Code   RO         7036    i.stream_lzma_read  abup_wosun.lib(stream_lzma.o)
    0x7e419ca8   0x00000088   Code   RO         1929    i.sync_fs           ff.o
    0x7e419d30   0x00000046   Code   RO         1930    i.sync_window       ff.o
    0x7e419d76   0x00000002   PAD
    0x7e419d78   0x00000044   Code   RO         4069    i.ta_alloc          tinyalloc.o
    0x7e419dbc   0x0000003c   Code   RO         4072    i.ta_free           tinyalloc.o
    0x7e419df8   0x0000003c   Code   RO         4073    i.ta_init           tinyalloc.o
    0x7e419e34   0x0000000a   Code   RO         5543    i.trigger_spi       spi_drv.o
    0x7e419e3e   0x00000046   Code   RO         5544    i.trigger_spi_polling  spi_drv.o
    0x7e419e84   0x0000003c   Code   RO          674    i.uart_printf       uart.o
    0x7e419ec0   0x00000018   Code   RO          420    i.udelay            qspi_host.o
    0x7e419ed8   0x00000040   Code   RO         7278    i.update_size       abup_wosun.lib(block_decoder.o)
    0x7e419f18   0x00000070   Code   RO          754    i.updater_backup_partition_legal_check  loadtable.o
    0x7e419f88   0x00000010   Code   RO         4641    i.updater_get_ext_dsp_adc_flash_start_addr  updater_table.o
    0x7e419f98   0x000000a8   Code   RO         4642    i.updater_get_ext_dsp_adc_size  updater_table.o
    0x7e41a040   0x000000ac   Code   RO         4643    i.updater_get_ext_dsp_exec_addr  updater_table.o
    0x7e41a0ec   0x000000a8   Code   RO         4644    i.updater_get_ext_updater_size  updater_table.o
    0x7e41a194   0x000000ac   Code   RO         4645    i.updater_get_fota_solution  updater_table.o
    0x7e41a240   0x000000a4   Code   RO         4647    i.updater_get_lcd_info  updater_table.o
    0x7e41a2e4   0x000000a8   Code   RO         4648    i.updater_get_version_info  updater_table.o
    0x7e41a38c   0x0000004c   Code   RO         4649    i.updater_header_table_init  updater_table.o
    0x7e41a3d8   0x0000000e   Code   RO         2964    i.usticaInit        pmic.o
    0x7e41a3e6   0x00000002   PAD
    0x7e41a3e8   0x0000004c   Code   RO         2965    i.ustica_I2CConfigureDi  pmic.o
    0x7e41a434   0x00000014   Code   RO         2966    i.ustica_I2CEnableclockandPin  pmic.o
    0x7e41a448   0x0000008c   Code   RO         2968    i.ustica_I2CIntLISRDirect  pmic.o
    0x7e41a4d4   0x00000098   Code   RO         2969    i.ustica_I2CMasterReceiveDataDirect  pmic.o
    0x7e41a56c   0x00000024   Code   RO         2970    i.ustica_I2CMasterSendDataDirect  pmic.o
    0x7e41a590   0x00000058   Code   RO         2971    i.ustica_i2cWaitStatusDirect  pmic.o
    0x7e41a5e8   0x00000114   Code   RO         2972    i.ustica_masterSendDirect  pmic.o
    0x7e41a6fc   0x00000018   Code   RO         2324    i.uudelay           ssp_host.o
    0x7e41a714   0x00000034   Code   RO         1931    i.validate          ff.o
    0x7e41a748   0x00000098   Code   RO         7597    i.validate_chain    abup_wosun.lib(filter_common.o)
    0x7e41a7e0   0x0000001c   Code   RO         4187    i.vccmain_switch    FreqChange.o
    0x7e41a7fc   0x0000001e   Code   RO         7487    i.vli_ceil4         abup_wosun.lib(index_hash.o)
    0x7e41a81a   0x00000002   PAD
    0x7e41a81c   0x0000004c   Code   RO         6629    i.writeToBackup     abup_wosun.lib(peer_common.o)
    0x7e41a868   0x0000002c   Code   RO         8140    locale$$code        c_2.l(lc_numeric_c.o)
    0x7e41a894   0x0000002c   Code   RO         8156    locale$$code        c_2.l(lc_ctype_c.o)
    0x7e41a8c0   0x000000c4   Code   RO         8001    x$fpl$fadd          fz_2s.l(faddsub_clz.o)
    0x7e41a984   0x00000184   Code   RO         8008    x$fpl$fdiv          fz_2s.l(fdiv.o)
    0x7e41ab08   0x00000036   Code   RO         8011    x$fpl$ffix          fz_2s.l(ffix.o)
    0x7e41ab3e   0x00000002   PAD
    0x7e41ab40   0x00000026   Code   RO         8015    x$fpl$ffltu         fz_2s.l(fflt_clz.o)
    0x7e41ab66   0x00000002   PAD
    0x7e41ab68   0x00000102   Code   RO         8021    x$fpl$fmul          fz_2s.l(fmul.o)
    0x7e41ac6a   0x0000008c   Code   RO         8077    x$fpl$fnaninf       fz_2s.l(fnaninf.o)
    0x7e41acf6   0x0000000a   Code   RO         8079    x$fpl$fretinf       fz_2s.l(fretinf.o)
    0x7e41ad00   0x000000ea   Code   RO         8003    x$fpl$fsub          fz_2s.l(faddsub_clz.o)
    0x7e41adea   0x00000004   Code   RO         8081    x$fpl$printf1       fz_2s.l(printf1.o)
    0x7e41adee   0x00000000   Code   RO         8083    x$fpl$usenofp       fz_2s.l(usenofp.o)
    0x7e41adee   0x0000000c   Code   RO         8162    x$sdivmod           c_2.l(aeabi_sdiv_cr4.o)
    0x7e41adfa   0x00000002   PAD
    0x7e41adfc   0x00000018   Data   RO          566    .constdata          qspi_nor.o
    0x7e41ae14   0x000001a2   Data   RO          755    .constdata          loadtable.o
    0x7e41afb6   0x00000090   Data   RO         1242    .constdata          adups_bl_flash.o
    0x7e41b046   0x00000013   Data   RO         1372    .constdata          adups_bl_main.o
    0x7e41b059   0x00000022   Data   RO         1554    .constdata          sdcard.o
    0x7e41b07b   0x00000001   PAD
    0x7e41b07c   0x00000018   Data   RO         1933    .constdata          ff.o
    0x7e41b094   0x00000640   Data   RO         2219    .constdata          lcd_test.o
    0x7e41b6d4   0x00000a20   Data   RO         2220    .constdata          lcd_test.o
    0x7e41c0f4   0x00000040   Data   RO         2557    .constdata          asr_nor_flash.o
    0x7e41c134   0x0000013a   Data   RO         2665    .constdata          spi_nor.o
    0x7e41c26e   0x0000000e   Data   RO         2974    .constdata          pmic.o
    0x7e41c27c   0x00000009   Data   RO         4077    .constdata          tinyalloc.o
    0x7e41c285   0x00000082   Data   RO         4370    .constdata          utilities.o
    0x7e41c307   0x000000e2   Data   RO         4651    .constdata          updater_table.o
    0x7e41c3e9   0x00000085   Data   RO         4767    .constdata          logo_table.o
    0x7e41c46e   0x00000018   Data   RO         4889    .constdata          LzmaDec.o
    0x7e41c486   0x000000e2   Data   RO         5037    .constdata          lcd_drv.o
    0x7e41c568   0x00000054   Data   RO         5312    .constdata          lcd_hal.o
    0x7e41c5bc   0x0000006b   Data   RO         5363    .constdata          dsi_drv.o
    0x7e41c627   0x00000023   Data   RO         5438    .constdata          panel_drv.o
    0x7e41c64a   0x00000095   Data   RO         5548    .constdata          spi_drv.o
    0x7e41c6df   0x0000015f   Data   RO         5794    .constdata          lcdd_logo_asr.o
    0x7e41c83e   0x00000097   Data   RO         5925    .constdata          mcu_drv.o
    0x7e41c8d5   0x00000051   Data   RO         6021    .constdata          lcd_spi_common.o
    0x7e41c926   0x0000000f   Data   RO         6054    .constdata          panel_list.o
    0x7e41c935   0x00000003   PAD
    0x7e41c938   0x00000028   Data   RO         6075    .constdata          lcd_st7789v_spi.o
    0x7e41c960   0x00000008   Data   RO         6076    .constdata          lcd_st7789v_spi.o
    0x7e41c968   0x00000018   Data   RO         6077    .constdata          lcd_st7789v_spi.o
    0x7e41c980   0x00000070   Data   RO         6078    .constdata          lcd_st7789v_spi.o
    0x7e41c9f0   0x00000006   Data   RO         7542    .constdata          abup_wosun.lib(stream_flags_common.o)
    0x7e41c9f6   0x00000002   Data   RO         7543    .constdata          abup_wosun.lib(stream_flags_common.o)
    0x7e41c9f8   0x00000010   Data   RO         7598    .constdata          abup_wosun.lib(filter_common.o)
    0x7e41ca08   0x0000000c   Data   RO         7805    .constdata          abup_wosun.lib(lzma_decoder.o)
    0x7e41ca14   0x00000028   Data   RO         7944    .constdata          c_2.l(_printf_hex_int_ll_ptr.o)
    0x7e41ca3c   0x00000011   Data   RO         7964    .constdata          c_2.l(__printf_flags_ss_wp.o)
    0x7e41ca4d   0x00000003   PAD
    0x7e41ca50   0x00000008   Data   RO         8040    .constdata          c_2.l(_printf_wctomb.o)
    0x7e41ca58   0x00000094   Data   RO         8115    .constdata          c_2.l(bigflt0.o)
    0x7e41caec   0x0000002d   Data   RO          177    .conststring        qspi_core.o
    0x7e41cb19   0x00000003   PAD
    0x7e41cb1c   0x000000de   Data   RO          567    .conststring        qspi_nor.o
    0x7e41cbfa   0x00000002   PAD
    0x7e41cbfc   0x0000000e   Data   RO         1935    .conststring        ff.o
    0x7e41cc0a   0x00000002   PAD
    0x7e41cc0c   0x0000002a   Data   RO         2666    .conststring        spi_nor.o
    0x7e41cc36   0x00000002   PAD
    0x7e41cc38   0x0000004d   Data   RO         2975    .conststring        pmic.o
    0x7e41cc85   0x00000003   PAD
    0x7e41cc88   0x00000078   Data   RO         4189    .conststring        FreqChange.o
    0x7e41cd00   0x00000048   Data   RO         5041    .conststring        lcd_drv.o
    0x7e41cd48   0x00000098   Data   RO         5550    .conststring        spi_drv.o
    0x7e41cde0   0x000000e2   Data   RO         5798    .conststring        lcdd_logo_asr.o
    0x7e41cec2   0x00000002   PAD
    0x7e41cec4   0x0000001c   Data   RO         8139    locale$$data        c_2.l(lc_numeric_c.o)
    0x7e41cee0   0x00000110   Data   RO         8155    locale$$data        c_2.l(lc_ctype_c.o)


    Execution Region ALIFOTA_HEAP_START (Base: 0x7e800000, Size: 0x00800000, Max: 0x00800000, OVERLAY)

    Base Addr    Size         Type   Attr      Idx    E Section Name        Object

    0x7e800000   0x00800000   Zero   RW            3    ALIFOTA_HEAP_START.bss  anon$$obj.o


    Execution Region RSFOTA_BUFFER (Base: 0x7ea00000, Size: 0x00000000, Max: 0xffffffff, OVERLAY)

    **** No section assigned to this execution region ****


    Execution Region FOTA_BUFFER (Base: 0x7ec00000, Size: 0x00200000, Max: 0x00200000, OVERLAY)

    Base Addr    Size         Type   Attr      Idx    E Section Name        Object

    0x7ec00000   0x00200000   Zero   RW            1    FOTA_BUFFER.bss     anon$$obj.o


    Execution Region FOTA_BUFFER_ENDMARK (Base: 0x7ee00000, Size: 0x00000004, Max: 0x00000004, OVERLAY)

    Base Addr    Size         Type   Attr      Idx    E Section Name        Object

    0x7ee00000   0x00000004   Zero   RW            2    FOTA_BUFFER_ENDMARK.bss  anon$$obj.o


    Execution Region ALIFOTA_HEAP_ENDMARK (Base: 0x7f000000, Size: 0x00000004, Max: 0x00000004, OVERLAY)

    Base Addr    Size         Type   Attr      Idx    E Section Name        Object

    0x7f000000   0x00000004   Zero   RW            4    ALIFOTA_HEAP_ENDMARK.bss  anon$$obj.o


    Execution Region IMG_END (Base: 0x7f000004, Size: 0x00000004, Max: 0x00000004, ABSOLUTE)

    Base Addr    Size         Type   Attr      Idx    E Section Name        Object

    0x7f000004   0x00000004   Zero   RW            5    IMG_END.bss         anon$$obj.o


==============================================================================

Image component sizes


      Code (inc. data)   RO Data    RW Data    ZI Data      Debug   Object Name

       284         24        120        160          0      17416   FreqChange.o
      4532         10         24          8          0      29367   LzmaDec.o
       420         44          0          0       8192        492   StartUp.o
      1638        686        144         12       1104      19528   adups_bl_flash.o
      1488        724         19          6        564       8892   adups_bl_main.o
      2588        284          0          0          0       5576   adups_md5.o
        72         38          0          0          0        604   asr_lzma.o
       976        210         64          0      12288       7842   asr_nor_flash.o
       238          6          0          2          0       1963   backlight_drv.o
       122         18          0         12          0       4516   bsp_tavor.o
       546         66          0          1      65536       9263   diskio.o
       128        100        107          0          0       4915   dsi_drv.o
      5118        104         38          4         16      45818   ff.o
      1076         30          0          0          0      10757   guilin.o
       300          0          0          0          0       5259   guilin_lite.o
        68          4          0          0          0       1069   keypad_drv.o
      4132       1128        298         12        284      37265   lcd_drv.o
       154         50          0          0          0       3176   lcd_fns.o
       336         94         84          0          0       4771   lcd_hal.o
       316        180         81          0          0       3409   lcd_spi_common.o
      1840        588        184         64          0       5903   lcd_st7789v_spi.o
       322         24          0        264          0      10498   lcd_sys_api.o
      2460        530       4192        160     153612      12772   lcd_test.o
       136         80          0          1          0       6201   lcd_var.o
      3408       1420        577          8        156      20792   lcdd_logo_asr.o
      2832       1340        418        552          0      17943   loadtable.o
       636        444        133         16          0       6684   logo_table.o
      2138       1146        148          1      73728     144174   main.o
       128         96        151          0          0       6677   mcu_drv.o
      1432         80          0          0          0      16599   ningbo.o
      1268        446         35          8          0       8545   panel_drv.o
        68         40         15          4          0       1504   panel_list.o
      3128        552         91          8         80      61555   pmic.o
       216         98          0          0          0       2812   psram.o
       108         18          0          4          0       2396   ptable.o
        88         40         45         44          0       6669   qspi_core.o
       196         48          0          4          0      11763   qspi_dma.o
      2140        138          0          0         60      20558   qspi_host.o
      2340         24        246       1092         80      19313   qspi_nor.o
      7062       2924         34         64       1708      38572   sdcard.o
      2902       1248        301          4         44      13789   spi_drv.o
      2900        648        356          4        272      20020   spi_nor.o
       748        114          0         20          0      17585   ssp_host.o
       560        144          0          0          0       8074   system.o
       508         64          9         12          0       7374   tinyalloc.o
       168         28          0          0          0       1740   uart.o
      1184        820        226          8          0       9545   updater_table.o
      2490       1008        130          5          0      18179   utilities.o
         0          0        768          0          0        968   version_block.o

    ----------------------------------------------------------------------
     68020      17950       9056       2580   10803496     741102   Object Totals
         8          0          0          0   10485772          0   (incl. Generated)
        74          0         18         16          0          0   (incl. Padding)

    ----------------------------------------------------------------------

      Code (inc. data)   RO Data    RW Data    ZI Data      Debug   Library Member Name

       698         10          0          0          0       9145   block_decoder.o
       316          0          0          0          0       1827   block_header_decoder.o
       108          0          0          0          0        963   block_util.o
        16          0          0          0          0       2414   check.o
       734         14          0          0          0      11417   common.o
        44          0          0          0          0       2899   crc.o
      2572        130          0         61          0      14628   disassem_arm.o
       460          4         16          0          0       3040   filter_common.o
       184         30          0          0         24       3813   filter_decoder.o
       100          0          0          0          0       1143   filter_flags_decoder.o
       416         82          0          0          0      14996   fotapatch.o
      1044          8          0          0          0       6726   index_hash.o
       728          8          0          0          0       9671   lz_decoder.o
       676         22          0          0          0      10950   lzma2_decoder.o
      8330        164         12          0          0      25658   lzma_decoder.o
      8528        254          0        108         84      31392   patch.o
       628         56          0          0          0       6358   peer.o
       376         46          0          1          0       7284   peer_common.o
      4398        164          0         12        176      22081   peer_vm.o
      1038         24          0          0          0      11099   stream_decoder.o
       138          0          8          0          0       2142   stream_flags_common.o
       170          8          0          0          0       4712   stream_flags_decoder.o
       172         48          0          4         24       5638   stream_interface.o
       312         64          0          4         88       2540   stream_lzma.o
       178          0          0          0          0       1134   vli_decoder.o
        52          0          0          0          0        524   vli_size.o
        44          6          0          0          0         84   __2sprintf.o
       392          4         17          0          0         92   __printf_flags_ss_wp.o
        14          0          0          0          0         68   __printf_wp.o
         6          0          0          0          0          0   _printf_a.o
         6          0          0          0          0          0   _printf_c.o
        44          0          0          0          0        108   _printf_char.o
        48          6          0          0          0         96   _printf_char_common.o
        40          0          0          0          0         68   _printf_charcount.o
         6          0          0          0          0          0   _printf_d.o
       112         16          0          0          0         92   _printf_dec.o
         6          0          0          0          0          0   _printf_e.o
         6          0          0          0          0          0   _printf_f.o
      1038          0          0          0          0        216   _printf_fp_dec.o
       128         16          0          0          0         84   _printf_fp_infnan.o
         6          0          0          0          0          0   _printf_g.o
       148          4         40          0          0        160   _printf_hex_int_ll_ptr.o
         6          0          0          0          0          0   _printf_i.o
       178          0          0          0          0         88   _printf_intcommon.o
        10          0          0          0          0          0   _printf_l.o
         6          0          0          0          0          0   _printf_lc.o
        10          0          0          0          0          0   _printf_ll.o
         6          0          0          0          0          0   _printf_lld.o
         6          0          0          0          0          0   _printf_lli.o
         6          0          0          0          0          0   _printf_llo.o
         6          0          0          0          0          0   _printf_llu.o
         6          0          0          0          0          0   _printf_llx.o
       124         16          0          0          0         92   _printf_longlong_dec.o
         6          0          0          0          0          0   _printf_ls.o
         6          0          0          0          0          0   _printf_n.o
         6          0          0          0          0          0   _printf_o.o
       112         10          0          0          0        124   _printf_oct_int_ll.o
         6          0          0          0          0          0   _printf_p.o
        78          0          0          0          0        108   _printf_pad.o
         0          0          0          0          0          0   _printf_percent.o
         4          0          0          0          0          0   _printf_percent_end.o
         6          0          0          0          0          0   _printf_s.o
        82          0          0          0          0         80   _printf_str.o
        36          0          0          0          0         84   _printf_truncate.o
         6          0          0          0          0          0   _printf_u.o
        44          0          0          0          0        108   _printf_wchar.o
       188          6          8          0          0         92   _printf_wctomb.o
         6          0          0          0          0          0   _printf_x.o
        16          0          0          0          0         68   _snputc.o
        10          0          0          0          0         68   _sputc.o
        64          0          0          0          0         92   _wcrtomb.o
        22          0          0          0          0         80   abort.o
        16          0          0          0          0         68   aeabi_memset.o
        12          0          0          0          0         68   aeabi_sdiv_cr4.o
       216          6        148          0          0         96   bigflt0.o
      1910        128          0          0          0        672   btod.o
        52          4          0          0          0         80   c89vsnprintf.o
        48         34          0          0          0         76   defsig_abrt_inner.o
        14          0          0          0          0         80   defsig_abrt_outer.o
        10          0          0          0          0         68   defsig_exit.o
        50          0          0          0          0         88   defsig_general.o
         0          0          0          0          0          0   indicate_semi.o
        44         10        272          0          0         76   lc_ctype_c.o
        44         10         28          0          0         76   lc_numeric_c.o
         0          0          0          0          0          0   libinit2.o
        38          0          0          0          0         68   llshl.o
       152          0          0          0          0         80   lludiv10.o
        38          0          0          0          0         68   llushr.o
        88          0          0          0          0         76   memcmp.o
        16          4          0          0          0         76   rt_ctype_table.o
         8          4          0          0         20         68   rt_locale.o
        68          0          0          0          0         68   rt_memclr.o
        78          0          0          0          0         80   rt_memclr_w.o
       216          0          0          0          0         68   rt_memcpy.o
       100          0          0          0          0         80   rt_memcpy_w.o
       212          0          0          0          0         68   rt_memmove.o
       128          0          0          0          0         80   rt_memmove_w.o
        44          0          0          0          0         68   rtudiv10.o
       244          4          0          0          0         80   strcmp.o
        58          0          0          0          0         68   strlen.o
       240          4          0          0          0         80   strncmp.o
        12          4          0          0          0         68   sys_exit.o
        14          0          0          0          0         76   sys_wrch.o
        22          0          0          0          0         68   uread4.o
         2          0          0          0          0         68   use_no_semi.o
       430          8          0          0          0        168   faddsub_clz.o
       388         76          0          0          0         96   fdiv.o
        54          4          0          0          0         84   ffix.o
        38          0          0          0          0         68   fflt_clz.o
       258          4          0          0          0         84   fmul.o
       140          4          0          0          0         84   fnaninf.o
        10          0          0          0          0         68   fretinf.o
         4          0          0          0          0         68   printf1.o
         0          0          0          0          0          0   usenofp.o
        40          0          0          0          0         68   fpclassify.o

    ----------------------------------------------------------------------
     41140       1528        552        192        424     220038   Library Totals
        62          0          3          2          8          0   (incl. Padding)

    ----------------------------------------------------------------------

      Code (inc. data)   RO Data    RW Data    ZI Data      Debug   Library Name

     32416       1136         36        190        396     214194   abup_wosun.lib
      7300        296        513          0         20       5056   c_2.l
      1322         96          0          0          0        720   fz_2s.l
        40          0          0          0          0         68   m_2s.l

    ----------------------------------------------------------------------
     41140       1528        552        192        424     220038   Library Totals

    ----------------------------------------------------------------------

==============================================================================


      Code (inc. data)   RO Data    RW Data    ZI Data      Debug   

    109160      19478       9608       2772   10803920     919332   Grand Totals
    109160      19478       9608       2772   10803920     919332   ELF Image Totals
    109160      19478       9608       2772          0          0   ROM Totals

==============================================================================

    Total RO  Size (Code + RO Data)               118768 ( 115.98kB)
    Total RW  Size (RW Data + ZI Data)          10806692 (10553.41kB)
    Total ROM Size (Code + RO Data + RW Data)     121540 ( 118.69kB)

==============================================================================

